[    0.000000] Initializing cgroup subsys cpuset
[    0.000000] Initializing cgroup subsys cpu
[    0.000000] Initializing cgroup subsys cpuacct
[    0.000000] Linux versin 44.0-138-generic (buildd@lcy01-amd64-006)(gcc version 5.4.0 20160609 (Ubuntu 5.4.0-6ubuntu1~16.04.10) ) #164-Ubuntu SMP Tue Oct 217:16:02 UTC 2018 (Ubunu 4.4.0-138.164-generi 4.4.155)
[    0.000000] Command line: BOOT_IMAGE=/boot/vmlinuz-4.4.0-138-generic root=LABEL=cloudimg-rootfs ro console=tty1 console=ttyS0
[    0.000000] KERNEL supported cpus:
[    0.000000]   Intel GenuineIntel
[    0.00000]   MD AuthenticAMD
[    0.000000]   Ceaur CentaurHauls
[    0.000000] x86/fpu: xstate_offset[2]:  576, xtate_sizes[]:  256
[    0.000000] x86/fpu: Supporting XSAVE feature 0x01: 'x87 floating point registers'
[    0.000000] x86/fpu: Supporting XSAVE feature x02: 'SSE registes'
[    0.000000] x86/fpu: Supporting XSAVE feature 0x04: 'AVX registers'
[    0.000000] x86/fpu: Enabled xstae features 0x7, context size is 832bytes, using 'standard' format.
[    0.000000] e820: BIOS-provided physical RAM map:
[    0.0000] BIOS-e820: [mem 0x0000000000000000-0x000000000009fbff] usable
[   0000000] BIOS-e820: [mem 0x000000000009fc00-0x000000000009ffff] reserved
[    0.000000] BIOS-820: [mem 0x00000000000f0000-0x0000000000fffff] reserved
[    0.000000] BIOS-e820: [mem 0x0000000000100000-0x000000003ffeffff] usable
[    0.000000] BIOS-e820: [mem 0x000000003fff0000-0x000000003fffffff] ACPI data
[    0.000000] BIOS-e820: [mem 0x00000000fec00000-0x00000000fec00fff] reserved
[    0.000000] BIOS-e820: [mem 0x00000000fee00000-0x00000000f00fff] reserved
[    0.000] BIOS-e820: [mem 0x00000000fffc0000-0x00000000ffffffff] reserd
[    0.00000] NX (Execute Disable) protection: active
[    0.000000] SMBIOS 2.5 present.
[    0.000000] Hypervisor detected: KVM
[    0.000000] e820: last_pfn = 0x3fff0 max_arch_pfn = 0x400000000
[    0.000000] MTRR: Disabled
[    0.000000] x86/PAT: MTRRs disabled, skipping PAT initialization too.
[    0.000000] CPU MTRRs all blank - virtualized system.
[    0.000000] x86/PAT: Configuration [0-7]: WB  WT  UC- UC  WB  WT  UC- UC 
[    0.000000] found SMP MP-table at [mem 0x0009fff0-0x0009ffff] mapped at [ffff88000009fff0]
[    0.000000] Scanning 1 areas for low memory corruption
[    0.0000] RAMDISK: [mem 0x363000-0x3717dfff]
[    0.000000] ACPI: Early table checksum verification disabled
[    0.000000] ACPI: RSDP 0x00000000000E0000 000024 (v02 VBOX  )
[    0.000000] ACPI: XSDT 0x000000003FFF0030 00003C (v01 VBOX   VOXXSDT 00000001 ASL  00000061)
[    0.00000] ACPI: FCP 0x000000003FFF00F0000F4 (v04 VBOX   VBOXFACP 00000001 ASL  00000061)
[    0.0000] ACPI: DSDT 0x000000003FFF0470 0021FF (v02 VBOX   VBOXBIOS 00000002 INTL 20180105)
[    0.000000] ACPI: FACS 0x000000003FFF0200 000040
[    0.000000] ACPI: FACS 0x000000003FFF0200 000040
[   0.000000] ACPI: APIC 0x000000003FFF0240 00005C (v02 VBOX   VBOXAPIC 00000001 ASL 00000061)
[    0.000000] ACPI: SSDT 0x000000003FFF02A0 0001CC (v01 VBOX   VBOXCPUT 00000002 INTL 20180105)
[    0.000000] No NUMA configuration found
[    0.000000] Faking a node at [mem 0x0000000000000000-0x000000003ffeffff]
[    0.0000] ODE_DATA(0) allocated [mem 0x3ffeb000-0x3ffeffff]
[    0.000000] kvm-clock: Using msrs 4b564d01 and 4b564d00
[    0.000000] kvm-clock: cpu 0,msr 0:3ffe3001, primary cpu clock
[    0.000000] kvm-clock: using sched offset of 3644225847 cycles
[    0.000000] clocksource: kvm-clock: mask: 0ffffffffffffffff max_cycles: 0x1cd42e4dffb, max_idle_ns: 881590591483 ns
[    0.000000] Zone ranges:
[    0.000000]   DMA      em 0x0000000000001000-0x0000000000ffffff
[[    0.00000]   DMA32    [mem 0x0000000001000000-0x000000003ffeffff]
[    0.000000]   Normal   empty
[    0.000000]   Device   empty
[    0.000000] Moable zone start for each node
[    0.0000] Early memory noe ranges
[    0.000000]   node   0: [mem 0x0000000000001000-0x000000000009efff]
[    0.000000]   node   0: [mem 0x0000000000100000-0x000000003ffeffff]
[    0.000000] Initmem setup node 0 [mem 00000000000010000x0000000ffeffff
[    0.000000] ACPI: PM-Timer IO Port: 0x4008
[    0.000000] IOAPIC[0]: apic_id 2, version 32, address 0xfec00000, GSI 0-23
[    0.000000] ACPI: T_SRC_OVR (bus 0 bus_irq 0 global_irq 2 dfl fl)
[    0.000000] ACPI: INT_SRC_OVR (bus 0 bus_irq 9 global_irq 9 low level)
[    0.000000] Using ACPI (MADT) for SMP configuration information
[    0.000000] smpboot: Allowing 2 CPUs, 0 hotplug CPUs
[    0.000000] PM: Registered nosave memory: [mem 0x00000000-0x00000fff]
[    0.000000] PM: Registered nosave memory: [mem 0x0009f000-0x0009ffff]
[    0.000000] PM: Registered nosave memory: [mem 0x000a0000-0x000effff]
[    0.000000] PM: Registered nosave memory: [mem 0x000f0000-0x000fffff]
[    0.0000] e82: [mem 0x40000000-0xfebfffff] available for PCI devices
[    0.000000] Booting paravirtualized kernel on KVM
[    0.000000] clocksource: refined-jiffies: mask: 0xffffffff max_cycles: 0xffffffff, max_idle_ns: 7645519600211568 ns
[    0.000000] setup_percpu: NR_CPUS:512 nr_cpumask_bits:512 nr_cpu_id:2 nr_node_ids:1
[    0.000000] PERCPU: Embedded 34 pages/cpu @ffff88003fc00000 s99608 r8192 d31464 u1048576
[    0.000000] PV qspinlock hash table entries: 256 (order: 0, 4096 bytes)
[    0.000000] Built 1 zonelists in Node order, mobility grouping on.  Total pages: 257912
[    0.000000] Policy zone: DMA32
[    0.000000] Kernel command line: BOOT_IMAGE=/boot/vmlinuz-4.4.0-138-generic root=LABEL=cloudimg-rootfs ro console=tty1 console=ttyS0
[    0.000000] PID hash table entries: 4096 (order: 3, 32768 bes)
[    0.00000] Memoryy: 997712K/1048120K available (8563K kernel code, 1314K rwdata, 4004K rodata, 1528K init, 1316K bss, 50408K reserved, 0K cma-reserved)
[    0.000000] SLUB: HWalign=64, Order=0-3, Minbjects=0, CPUs=2, Nodes=1
[    0.000000] Kernel/User page tables isolation: enabled
[    0.000000] Hierarchical RCU implementation.
[    0.000000] 	Build-time adjustment of leaf fnout to 64.
[    0.000000] 	RCU restricting CPUs from NR_CPUS=512 to nr_cpu_ids=2.
[    0.000000] RCU: Adjusting geometry for rcu_fanout_leaf=64, nr_cpu_ids=2
[    0.000000] NR_IRQS:33024 nr_irqs:440 16
[    0.000000] Console: colour VGA+ 80x25
[    0.000000] console [tty1] enabled
[    0.000000] console [ttyS0] enabled
[    0.000000] tsc: Detected 2394.456 MHz processor
[    2.373481] Calibratig delay loop (skipped) preset value.. 4788.91 BogoMIPS (lpj=9577824)
[    2.406432] pid_max: default: 32768 minimum: 301
[    2.407619] ACPI: Core revision 20150930
[    2.409858] ACPI: 2 ACPI AML tables successfully acquired and loaded
[    2.418116] Security Framework initialized
[    2.419213] Yama: becoming mindful.
[    2.420157] AppArmor: AppArmor initialized
[    2.421278] Dentry cache hash table entries: 131072 (order: 8, 1048576 bytes)
[    2.431914] Inode-cache hash table entries: 65536 (order: 7, 524288 bytes)
[    2.469095] Mount-cache hash table entries: 2048 (order: 2, 16384 bytes)
[    2.481215] Mountpoint-cache hash table entries: 2048 (order: 2, 16384 bytes)
[    2.502820] Initializing cgroup subsys io
[    2.520979] Initializing cgroup subsys memory
[    2.529337] Initializing cgroup subsys devices
[    2.530858] Initializing cgroup subsys freezer
[    2.540722] Initializing cgroup subsys net_cls
[    2.541923] Initializing cgroup subsys perf_event
[    2.569055] Initializing cgroup subsys net_prio
[    2.578160] Initializing cgroup subsys hugetlb
[    2.585265] Initializing cgroup subsys pids
[    2.607260] mce: CPU supports 0 MCE banks
[    2.614318] Last level iTLB entries: 4KB 1024, 2MB 1024, 4MB 1024
[    2.644310] Last level dTLB entries: 4KB 1024, 2MB 1024, 4MB 1024, 1GB 4
[    2.669480] Spectre V2 : Mitigation: Full generic retpoline
[    2.673084] Spectre V2 : Spectre v2 mitigation: Speculation control IBPB not-supported IBRS not-supported
[    2.681185] Spectre V2 : Spectre v2 / SpectreRSB mitigation: Filling RSB on context switch
[    2.710542] Speculative Store Bypass: Vulnerable
[    2.718510] Freeing SMP alternatives memory: 32K
[    2.737738] ftrace: allocating 32278 entries in 127 pages
[    2.816733] smpboot: APIC(0) Converting physical 0 to logical package 0
[    2.818540] smpboot: Max logical packages: 1
[    2.820003] x2apic enabled
[    2.821316] Switched APIC routing to physical x2apic.
[    2.826115] ..TIMER: vector=0x30 apic1=0 pin1=2 apic2=-1 pin2=-1
[    2.932342] smpboot: CPU0: Intel(R) Core(TM) i5-4210U CPU @ 1.70GHz (family: 0x6, model: 0x45, stepping: 0x1)
[    2.942687] Performance Events: unsupported p6 CPU model 69 no PMU driver, software events only.
[    2.955454] KVM setup paravirtual spinlock
[    2.957409] x86: Booting SMP configuration:
[    2.958493] .... node  #0, CPUs:      #1
[    2.964984] kvm-clock: cpu 1, msr 0:3ffe3041, secondary cpu clock
[    2.985615] mce: CPU supports 0 MCE banks
[    2.989659] x86: Booted up 1 node, 2 CPUs
[    2.990924] smpboot: Total of 2 processors activated (9577.82 BogoMIPS)
[    2.993276] devtmpfs: initialized
[    2.998842] evm: security.selinux
[    3.017175] evm: security.SMACK64
[    3.018028] evm: security.SMACK64EXEC
[    3.018987] evm: security.SMACK64TRANSMUTE
[    3.025381] evm: security.SMACK64MMAP
[    3.032050] evm: security.ima
[    3.034574] evm: security.capability
[    3.037041] clocksource: jiffies: mask: 0xffffffff max_cycles: 0xffffffff, max_idle_ns: 7645041785100000 ns
[    3.041665] futex hash table entries: 512 (order: 3, 32768 bytes)
[    3.052847] pinctrl core: initialized pinctrl subsystem
[    3.060598] RTC time: 22:27:07, date: 11/05/18
[    3.069510] NET: Registered protocol family 16
[    3.084298] cpuidle: using governor ladder
[    3.096507] cpuidle: using governor menu
[    3.097756] PCCT header not found.
[    3.116561] ACPI: bus type PCI registered
[    3.125078] acpiphp: ACPI Hot Plug PCI Controller Driver version: 0.5
[    3.127167] PCI: Using configuration type 1 for base access
[    3.160568] ACPI: Added _OSI(Module Device)
[    3.172694] ACPI: Added _OSI(Processor Device)
[    3.174717] ACPI: Added _OSI(3.0 _SCP Extensions)
[    3.181679] ACPI: Added _OSI(Processor Aggregator Device)
[    3.191228] ACPI: Executed 1 blocks of module-level executable AML code
[    3.214926] ACPI: Interpreter enabled
[    3.221872] ACPI: (supports S0 S5)
[    3.234981] ACPI: Using IOAPIC for interrupt routing
[    3.250756] PCI: Using host bridge windows from ACPI; if necessary, use "pci=nocrs" and report a bug
[    3.258612] ACPI: PCI Root Bridge [PCI0] (domain 0000 [bus 00-ff])
[    3.285082] acpi PNP0A03:00: _OSC: OS supports [ASPM ClockPM Segments MSI]
[    3.288193] acpi PNP0A03:00: _OSC: not requesting OS control; OS requires [ExtendedConfig ASPM ClockPM MSI]
[    3.290437] acpi PNP0A03:00: fail to add MMCONFIG information, can't access extended PCI configuration space under this bridge.
[    3.301832] PCI host bridge to bus 0000:00
[    3.308422] pci_bus 0000:00: root bus resource [io  0x0000-0x0cf7 window]
[    3.309785] pci_bus 0000:00: root bus resource [io  0x0d00-0xffff window]
[    3.325116] pci_bus 0000:00: root bus resource [mem 0x000a0000-0x000bffff window]
[    3.327166] pci_bus 0000:00: root bus resource [mem 0x40000000-0xfdffffff window]
[    3.335728] pci_bus 0000:00: root bus resource [bus 00-ff]
[    3.350870] pci 0000:00:01.1: legacy IDE quirk: reg 0x10: [io  0x01f0-0x01f7]
[    3.354362] pci 0000:00:01.1: legacy IDE quirk: reg 0x14: [io  0x03f6]
[    3.357073] pci 0000:00:01.1: legacy IDE quirk: reg 0x18: [io  0x0170-0x0177]
[    3.361129] pci 0000:00:01.1: legacy IDE quirk: reg 0x1c: [io  0x0376]
[    3.410321] pci 0000:00:07.0: quirk: [io  0x4000-0x403f] claimed by PIIX4 ACPI
[    3.421509] pci 0000:00:07.0: quirk: [io  0x4100-0x410f] claimed by PIIX4 SMB
[    3.439530] ACPI: PCI Interrupt Link [LNKA] (IRQs 5 9 10 *11)
[    3.443266] ACPI: PCI Interrupt Link [LNKB] (IRQs 5 9 *10 11)
[    3.455961] ACPI: PCI Interrupt Link [LNKC] (IRQs 5 *9 10 11)
[    3.463802] ACPI: PCI Interrupt Link [LNKD] (IRQs 5 9 10 *11)
[    3.490636] ACPI: Enabled 2 GPEs in block 00 to 07
[    3.498154] vgaarb: setting as boot device: PCI:0000:00:02.0
[    3.505389] vgaarb: device added: PCI:0000:00:02.0,decodes=io+mem,owns=io+mem,locks=none
[    3.507669] vgaarb: loaded
[    3.508435] vgaarb: bridge control possible 0000:00:02.0
[    3.509809] SCSI subsystem initialized
[    3.511349] ACPI: bus type USB registered
[    3.520537] usbcore: registered new interface driver usbfs
[    3.521958] usbcore: registered new interface driver hub
[    3.532142] usbcore: registered new device driver usb
[    3.539637] PCI: Using ACPI for IRQ routing
[    3.540966] NetLabel: Initializing
[    3.541861] NetLabel:  domain hash size = 128
[    3.546405] NetLabel:  protocols = UNLABELED CIPSOv4
[    3.547549] NetLabel:  unlabeled traffic allowed by default
[    3.550745] amd_nb: Cannot enumerate AMD northbridges
[    3.565736] clocksource: Switched to clocksource kvm-clock
[    3.587942] AppArmor: AppArmor Filesystem Enabled
[    3.589294] pnp: PnP ACPI init
[    3.591052] pnp: PnP ACPI: found 3 devices
[    3.603750] clocksource: acpi_pm: mask: 0xffffff max_cycles: 0xfffff, max_idle_ns: 2085701024 ns
[    3.69269] NET:Registered protocol family 2

[    3.724415] TCP established hash table entries: 8192 (order: 4, 65536 bytes)
[    3.7367] TP bind hash table entri: 8192 (order: 5, 131072 bys)
[    3.968296] TCP: Hash tables configured (established 8192 bind 8192)
[    3970133] UDP hash table entries: 512 (order: 2, 16384 bytes)
[    3.999471] UDP-Lite hash table entries: 512 (order: 2, 16384 bytes)
[    .0010] T: Registered protocol family 1
[  4.139626] pci 0000:00:00.0: Limiting direct PCI/PCI transfers
[    4.197369] pci 0000:00:01.0: Activating ISA DMA hang workarounds
[    4.199332] Unpacking initramfs...

[    4.485321] Freeing initrd memory: 14792K
[    4.486595] RAPL PMU detected, API unit is 2^-32 Joules, 4 fixed counters 10737418240 ms ovfl timer
[    4.504129] hw unit of domain pp0-core 2^-0 Joules
[    4.507569] hw unit of domain package 2^-0 Joules
[    4.516260] hw unit of domain dram 2^-0 Joules
[    4.534950] hw unit of domain pp1-gpu 2^-0 Joules
[    4.536344] platform rtc_cmos: registered platform RTC device (no PNP device found)
[    4.621517] Scanning for low memory corruption every 60 seconds
[    4.682780] audit: initializing netlink subsys (disabled)
[    4.692314] audit: type=2000 audit(1541456831.774:1): initialized
[    4.694256] Initialise system trusted keyring
[    4.736663] HugeTLB registered 2 MB page size, pre-allocated 0 pages
[    4.774764] zbud: loaded
[    4.775981] VFS: Disk quotas dquot_6.6.0
[    4.776935] VFS: Dquot-cache hash table entries: 512 (order 0, 4096 bytes)
    4.785513] squashfs:ersion 4.0 (2009/01/31) Phillip Lougher

[    4.867217] fuse init (API version 7.23)
[    4.872210]ey type big_key registered
[    4.941067] Allocating IMA MOK and blacklist yrings.

[    5.008434] Key type asymmetric registered
[    5.011119] Asymmetric key parser 'x509' registered
[    5.039590] Block layer SCSI generic (bsg) driver version 0.4 loaded (major 249)
[    5.052074] io scheduler noop registered
[    5.054484] io scheduler deadline registered (default)
[    5.055915] io heduler cfregistered
[    5.176841] pci_hotplug: PCI Hot lug PCI Co version: 0.5
[   5.258628] pciehp: PCI Express Hot Plg Controller Drier version: 0.4
[    5.342877] ACPI: AC Adapter [AC] (on-line)
[    5.343876] input: Power Button as /devices/LNXSYSTM:00/LNXPWRBN:00/input/input0
    5.354279] ACPI: Power Button [PWRF]
[    5.382375] input: Sleep Buttoas /devices/LNXSYSTM:00/LNXSLPBN:00/input/input1
[    5.438407] ACPI: Sleep Button [SLPF]

[    5.440458] ACPI: Battery Slot [BAT0] (battery present)
[    5.441794] GHES: HEST is not enabled!
[    5.450411] Serial: 8250/16550 driver, 32 ports, IRQ sharing enabled
[  5.477640] 00:02: ttyS0 at/O 0x3f8 (irq = 4, base_baud = 115200) is a 16550A
[    5.533904] tsc: Refined TSC clocksourccalibration: 2394.801 MHz
[    5.533907] clocksource: tsc: mask: 0xffffffffffffffff max_cycles: 0x228507ff69c, max_idle_ns: 440795218685 s

[    5.700705] Linux agpgart interface v0.103
[    5.774707] loop: module loaded
[    5.776396] scsi host0: ata_piix
[    5.785195] scsi host1: ata_piix
[    5.796948] ata1: PATA max UDMA/33 cmd 0x1f0 ctl 0x3f6 bmdma 0xd000 irq 14
[    5.809703] ata2: PATA max UDMA/33 cmd 0x170 ctl 0x376 bmdma 0xd008 irq 15
[    5.811854] libphy: Fixed MDIO Bus: probed
[    5.813515] tun: Universal TUN/TAP device driver, 1.6
[    5.815292] tun: (C) 1999-2004 Max Krasnyansky <maxk@qualcomm.com>
[    5.819903] PPP generic driver version 2.4.2
[    5.821163] ehci_hcd: USB 2.0 'Enhanced' Host Controller (EHCI) Driver
[    5.822967] ehci-pci: EHCI PCI platform driver
[    5.824231] ehci-platform: EHCI generic platform driver
[    5.825827] ohci_hcd: USB 1.1 'Open' Host Controller (OHCI) Driver
[    5.834181] ohci-pci: OHCI PCI platform driver
[    5.852055] ohci-platform: OHCI generic platform driver
[    5.853277] uhci_hcd: USB Universal Host Controller Interface driver
[    5.854909] i8042: PNP: PS/2 Controller [PNP0303:PS2K,PNP0f03:PS2M] at 0x60,0x64 irq 1,12
[    5.886196] serio: i8042 KBD port at 0x60,0x64 irq 1
[    5.887476] serio: i8042 AUX port at 0x60,0x64 irq 12
[    5.922164] mousedev: PS/2 mouse device common for all mice
[    5.951300] input: AT Translated Set 2 keyboard as /devices/platform/i8042/serio0/input/input2
[    5.968783] rtc_cmos rtc_cmos: rtc core: registered rtc_cmos as rtc0
[    5.975613] rtc_cmos rtc_cmos: alarms up to one day, 114 bytes nvram
[    5.992767] i2c /dev entries driver
[    5.993873] devce-mapper: uevent: version 1.0.3

[    6.021545] device-mapper: ioctl: 4.34.0-ioctl (2015-10-28) initialised: dm-devel@redhat.com
[    6.034456] ledtrig-cpu: registered to indicate activity on CPUs
[    6.036481] NET: Registered protocol family 10
[    6.046943] NET: Registered protocol family 17
[    6.053579] Key type dns_resolver registered
[    6.055357] registered taskstats version 1
[    6.062052] Loading compiled-in X.509 certificates
[    6.064571] Loaded X.509 cert 'Build time autogenerated kernel key: 9a104bc44b81e9426fe5c715e47d021d02d69eba'
[    6.090825] zswa: loed ing pol lzo/zbud

[    6.290881] Key type trusted registered
[    6.316226] Key type encrypted registered
[    6.322696] AppArmor: AppArmor sha1 policy hashing enabled
[    6.324134] ima: No TPM chip found, activating TPM-bypass!
[    6.337644] ima: Allocated hash algorithm: sha1
[    6.343703] evm: HMAC attrs: 0x1
[    6.350856]   Magic number: 10:666:501
[    6.355014] rtc_cmos rtc_cmos: setting system clock to 2018-11-05 22:27:11 UTC (1541456831)
[    6.374377] BIOS EDD facility v0.16 2004-Jun-25, 0 devices found
[    6.381510] EDD information not available.
[    6.392499] Freeing unused kernel memory: 1528K
[    6.405885] Write protecting the kernel read-only data: 14336k
[    6.423434] Freeing unused kernel memory: 1664K
[    6.425094] Freeing unused kernel memory: 92K
Loading, please wait...
starting version[    6.446551] random: systemd-udevd: uninitialized urandom read (16 bytes read, 3 bits of entropy available)
 229
[    6.446798] random: udevadm: uninitialized urandom read (16 bytes read, 3 bits of entropy available)
[    6.446827] random: udevadm: uninitialized urandom read (16 bytes read, 3 bits of entropy available)
[    6.459888] random: udevadm: uninitialized urandom read (16 bytes read, 3 bits of entropy available)
[    6.459954] random: udevadm: uninitialized urandom read (16 bytes read, 3 bits of entropy available)
[    6.460165] random: udevadm: uninitialized urandom read (16 bytes read, 3 bits of entropy available)
[    6.460231] random: udevadm: uninitialized urandom read (16 bytes read, 3 bits of entropy available)
[    6.460299] random: udevadm: uninitialized urandom read (16 bytes read, 3 bits of entropy available)
[    6.460378] random: udevadm: uninitialized urandom read (16 bytes read, 3 bits of entropy available)
[    6.460451] random: udevadm: uninitialized urandom read (16 bytes read, 3 bits of entropy available)
[    6.634801] e1000: Intel(R) PRO/1000 Network Driver - version 7.3.21-k8-NAPI
[    6.636961] e1000: Copyright (c) 1999-2006 Intel Corporation.
[    6.644330] Fusion MPT base driver 3.04.20
[    6.650643] Copyright (c) 1999-2008 LSI Corporation
[    6.679999] Fusion MPT SPI Host driver 3.04.20
[    6.726416] AVX2 version of gcm_enc/dec engaged.
[    6.734950] AES CTR mode by8 optimization enabled
[    6.923523] input: ImExPS/2 Generic Explorer Mouse as /devices/platform/i8042/serio1/input/input4
[    7.282010] e1000 0000:00:03.0 eth0: (PCI:33MHz:32-bit) 02:ac:2e:7f:59:cd
[    7.326975] e1000 0000:00:03.0 eth0: Intel(R) PRO/1000 Network Connection
[    7.734741] e1000 0000:00:08.0 eth1: (PCI:33MHz:32-bit) 08:00:27:bc:98:7d
[    7.774457] e1000 0000:00:08.0 eth1: Intel(R) PRO/1000 Network Connection
[    7.785552] e1000 0000:00:03.0 enp0s3: renamed from eth0
[    7.811141] mptbase: ioc0: Initiating bringup
[    7.830370] e1000 0000:00:08.0 enp0s8: renamed from eth1
[    7.910161] ioc0: LSI53C1030 A0: Capabilities={Initiator}
[    8.097043] scsi host2: ioc0: LSI53C1030 A0, FwRev=00000000h, Ports=1, MaxQ=256, IRQ=20
[    8.235671] scsi 2:0:0:0: Direct-Access     VBOX     HARDDISK         1.0  PQ: 0 ANSI: 5
[    8.262994] scsi target2:0:0: Beginning Domain Validation
[    8.270550] scsi target2:0:0: Domain Validation skipping write tests
[    8.271956] scsi target2:0:0: Ending Domain Validation
[    8.274644] scsi target2:0:0: asynchronous
[    8.276354] scsi 2:0:1:0: Direct-Access     VBOX     HARDDISK         1.0  PQ: 0 ANSI: 5
[    8.348117] scsi target2:0:1: Beginning Domain Validation
[    8.543117] scsi target2:0:1: Domain Validation skipping write tests
[    8.990504] scsi target2:0:1: Ending Domain Validation
[    9.100291] scsi target2:0:1: asynchronous
[    9.108205] sd 2:0:0:0: [sda] 20971520 512-byte logical blocks: (10.7 GB/10.0 GiB)
[    9.110556] sd 2:0:0:0: [sda] Write Protect is off
[    9.121896] sd 2:0:0:0: Attached scsi generic sg0 type 0
[    9.123674] sd 2:0:1:0: [sdb] 20480 512-byte logical blocks: (10.5 MB/10.0 MiB)
[    9.124008] sd 2:0:1:0: Attached scsi generic sg1 type 0
[    9.124200] sd 2:0:0:0: [sda] Incomplete mode parameter data
[    9.124202] sd 2:0:0:0: [sda] Assuming drive cache: write through
[    9.141234]  sda: sda1
[    9.142291] sd 2:0:0:0: [sda] Attached SCSI disk
[    9.216956] sd 2:0:1:0: [sdb] Write Protect is off
[    9.219462] sd 2:0:1:0: [sdb] Incomplete mode parameter data
[    9.220585] sd 2:0:1:0: [sdb] Assuming drive cache: write through
[    9.226168] sd 2:0:1:0: [sdb] Attached SCSI disk
Begin: Loading essential drivers[   10.753234] md: linear personality registered for level -1
 ... [   10.820139] md: multipath personality registered for level -4
[   10.845657] md: raid0 personality registered for level 0
[   10.886783] md: raid1 personality registered for level 1
[   10.965837] raid6: sse2x1   gen()  4156 MB/s
[   11.041805] raid6: sse2x1   xor()  3597 MB/s
[   11.117987] raid6: sse2x2   gen()  5795 MB/s
[   11.189767] raid6: sse2x2   xor()  5402 MB/s
[   11.266296] raid6: sse2x4   gen()  8994 MB/s
[   11.337805] raid6: sse2x4   xor()  5070 MB/s
[   11.425778] raid6: avx2x1   gen() 10334 MB/s
[   11.493780] raid6: avx2x2   gen() 13630 MB/s
[   11.569828] raid6: avx2x4   gen() 13328 MB/s
[   11.577504] raid6: using algorithm avx2x2 gen() 13630 MB/s
[   11.587035] raid6: using avx2x2 recovery algorithm
[   11.591919] xor: automatically using best checksumming function:
[   11.637807]    avx       : 16671.000 MB/sec
[   11.643133] async_tx: api initialized (async)
[   11.667028] md: raid6 personality registered for level 6
[   11.686948] md: raid5 personality registered for level 5
[   11.698864] md: raid4 personality registered for level 4
[   11.712507] md: raid10 personality registered for level 10
done.
Begin: Running /scripts/init-premount ... done.
Begin: Mounting root file system ... Begin: Running /scripts/local-top ... done.
Begin: Running /scripts/local-premount ... [   11.787330] Btrfs loaded
Scanning for Btrfs filesystems
done.
Warning: fsck not present, so skipping root file system
[   11.835146] EXT4-fs (sda1): mounted filesystem with ordered data mode. Opts: (null)
done.
Begin: Running /scripts/local-bottom ... done.
Begin: Running /scripts/init-bottom ... done.
[   12.001263] systemd[1]: systemd 229 running in system mode. (+PAM +AUDIT +SELINUX +IMA +APPARMOR +SMACK +SYSVINIT +UTMP +LIBCRYPTSETUP +GCRYPT +GNUTLS +ACL +XZ -LZ4 +SECCOMP +BLKID +ELFUTILS +KMOD -IDN)
[   12.039067] systemd[1]: Detected virtualization oracle.
[   12.062069] systemd[1]: Detected architecture x86-64.

Welcome to [1mUbuntu 16.04.5 LTS[0m!

[   12.076607] systemd[1]: Set hostname to <ubuntu>.
[   12.090264] systemd[1]: Initializing machine ID from random generator.
[   12.096965] systemd[1]: Installed transient /etc/machine-id file.
[   12.39277] systemd[1]: Listening on /dev/initctl Cmpatibility Named Pipe.
[[0;32m  OK  [0m] Listening on /dev/initctl Compatibility Named Pipe.
[   12.459154] systemd[1]: Set up automount Arbitrary Executable File Formats File System Automount Point.
[[0;32m  OK  [0m] Set up automount Arbitrary Executab...ats File System Automount Point.
[   12.618742] systemd[1]: Created slice User and Session Slice.
[[0;32m  OK  [0m] Created slice User and Session Slice.
[   12.62621] systemd[1]: Listening on Device-mapper event daemon FIFOs.
[[0;32m  OK  [0m] Listening on Device-mapper event daemon FIFOs.
[   12.846702] systemd1]: Listening on LVM2 metadata daemon socket.
[[0;32m  OK  [0m] Listening on LVM2 metadata daemon socket.
[   12.890830] systemd[1]: Started Forward Password Requests to Wall Directy Watch. [[0;32m  OK  [0m] Started Forward Password Requests to Wall Directory Watch.
[   13.153693] sstemd[1]: Listening  Journal Socket (/dev/log).
[[0;32m  OK  [0m] Listening on Journal Socket (/dev/log).
[   13.345910] systemd[1]: Listening on udev Control Socket.
[[0;32m  OK  [0m] Listening on udev Control Socket.
[   13.398132] syste[1]: Reached target Encrypted Volumes.
[[0;32m  OK  [0m] Reached target Encrypted Volumes.
[ 13.464855] systemd[1]: Listening on Journal Audit Socket.
[[0;32m  OK  [0m] Listening on Journal Audit Socket.
[   13.557811] systemd[1]: Reached target System Time Synchronized.
[[0;32m  OK  [0m] Reached target System Time Synchronized.
[   13.846496] systemd[1]: Started Trigger resolvconf update for networkd DNS.
[[0;32m  OK  [0m] Started Trigger resolvconf update for networkd DNS.
[   13.873946] systemd[1]: Reached target Swap.
[[0;32m  OK  [0m] Reached target Swap.
[   13.880537] systemd[1]: Listening on Syslog Socket.
[[0;32m  OK  [0m] Listening on Syslog Socket.
[   13.935588] systemd[1]: Listening on Journal Socket.
[[0;32m  OK  [0m] Listening on Journal Socket.
[   14.034966] systemd[1]: Crated slice System Slice.
[[0;32m  OK  [0m] Created slice System Slice.
[   14.120291] systemd[1]: Reached target Slices.
[[0;32m  OK  [0m] Reached target Slices.
[   14.170221] systemd[1]: Starting Create list of required static device nodes for the current kernel...
         Starting Create list of required st... nodes for the current kernel...
[   14.209096] systemd[1]: Starting Nameserver information manager...
         Starting Nameserver information manager...
[   14.228329] systemd[1]: Starting Journal Service...
         Starting Journal Service...
[   14.266060] systemd[1]: Mounting POSIX Message Queue File System...
         Mounting POSIX Message Queue File System...
[   14.284603] systemd[1]: Starting Load Kernel Modules...
         Starting Load Ke[   14.310164] Loading iSCSI transport class v2.0-870.
rnel Modules...
[   14.351262] iscsi: registered transport (tcp)
[   14.357998] systemd[1]: Starting Set console keymap...
         Starting Set console keymap...
[   14.373790] systemd[1]: Starting Monitoring of LVM2 mirrors, snapshots etc. using dmeventd or progress polling...
         Starting Monitoring of LVM2 mirrors... dmeventd or prog[   14.422468] iscsi: registered transport (iser)
ress polling...
[   14.454011] systemd[1]: Mounting Huge Pages File System...
         Mounting Huge Pages File System...
[   14.494723] systemd[1]: Starting Remount Root and Kernel File Systems...
[   14.502445] EXT4-fs (sda1): re-mounted. Opts: (null)
         Starting Remount Root and Kernel File Systems...
[   14.570185] systemd[1]: Listening on udev Kernel Socket.
[[0;32m  OK  [0m] Listening on udev Kernel Socket.
[   14.663114] systemd[1]: Listening on LVM2 poll daemon socket.
[[0;32m  OK  [0m] Listening on LVM2 poll daemon socket.
[   14.747711] systemd[1]: Created slice system-serial\x2dgetty.slice.
[[0;32m  OK  [0m] Created slice system-serial\x2dgetty.slice.
[   14.802592] systemd[1]: Starting Uncomplicated firewall...
[   14.803954] random: nonblocking pool is initialized
         Starting Uncomplicated firewall...
[   14.814189] systemd[1]: Reached target User and Group Name Lookups.
[[0;32m  OK  [0m] Reached target User and Group Name Lookups.
[   14.825914] systemd[1]: Mounting Debug File System...
         Mounting Debug File System...
[   14.863770] systemd[1]: Mounted POSIX Message Queue File System.
[[0;32m  OK  [0m] Mounted POSIX Message Queue File System.
[   14.869898] systemd[1]: Mounted Debug File System.
[[0;32m  OK  [0m] Mounted Debug File System.
[   14.895812] systemd[1]: Mounted Huge Pages File System.
[[0;32m  OK  [0m] Mounted Huge Pages File System.
[   14.906256] systemd[1]: Started Journal Service.
[[0;32m  OK  [0m] Started Journal Service.
[[0;32m  OK  [0m] Started Create list of required sta...ce nodes for the current kernel.
[[0;32m  OK  [0m] Started Load Kernel Modules.
[[0;32m  OK  [0m] Started Set console keymap.
[[0;32m  OK  [0m] Started Remount Root and Kernel File Systems.
[[0;32m  OK  [0m] Started Uncomplicated firewall.
[[0;32m  OK  [0m] Started Nameserver information manager.
[[0;32m  OK  [0m] Started LVM2 metadata daemon.
         Starting udev Coldplug all Devices...
         Starting Load/Save Random Seed...
         Starting Apply Kernel Variables...
         Mounting FUSE Control File System...
         Starting Create Static Device Nodes in /dev...
         Starting Flush Journal to Persistent Storage...
[[0;32m  OK  [0m] Mounted FUSE Control File System.
[[0;32m  OK  [0m] Started Load/Save Random Seed.
[[0;32m  OK  [0m] Started Apply Kernel Variables.
[[0;32m  OK  [0m] Started Create Static Device Nodes in /dev.
[[0;32m  OK  [0m] Started Monitoring of LVM2 mirrors,...ng dmeventd or progress polling.
[[0;32m  OK  [0m] Started udev Coldplug all Devices.
[[0;32m  OK  [0m] Started Flush Journal to Persistent Storage.
[[0;32m  OK  [0m] Reached target Local File Systems (Pre).
[[0;32m  OK  [0m] Reached target Local File Systems.
         Starting Create Volatile Files and Directories...
         Starting LSB: AppArmor initialization...
         Starting Set console font and keymap...
         Starting Commit a transient machine-id on disk...
         Starting Initial cloud-init job (pre-networking)...
         Starting Tell Plymouth To Write Out Runtime Data...
         Starting udev Kernel Device Manager...
[[0;32m  OK  [0m] Started Create Volatile Files and Directories.
[[0;32m  OK  [0m] Started Commit a transient machine-id on disk.
[[0;32m  OK  [0m] Started Tell Plymouth To Write Out Runtime Data.
[[0;32m  OK  [0m] Started udev Kernel Device Manager.
[[0;32m  OK  [0m] Started Dispatch Password Requests to Console Directory Watch.
         Starting Update UTMP about System Boot/Shutdown...
[[0;32m  OK  [0m] Started Update UTMP about System Boot/Shutdown.
[[0;32m  OK  [0m] Found device /dev/ttyS0.
[[0;32m  OK  [0m] Listening on Load/Save RF Kill Switch Status /dev/rfkill Watch.
[[0;32m  OK  [0m] Started Set console font and keymap.
[[0;32m  OK  [0m] Created slice system-getty.slice.
[[0;32m  OK  [0m] Started LSB: AppArmor initialization.
[   14.939045] cloud-init[486]: Cloud-init v. 18.4-0ubuntu1~16.04.2 running 'init-local' at Mon, 05 Nov 2018 22:27:22 +0000. Up 14.05 seconds.
[[0;32m  OK  [0m] Started Initial cloud-init job (pre-networking).
[[0;32m  OK  [0m] Reached target Network (Pre).
         Starting Raise network interfaces...
[[0;32m  OK  [0m] Started Raise network interfaces.
         Starting Initial cloud-init job (metadata service crawler)...
[[0;32m  OK  [0m] Reached target Network.
[   17.392059] cloud-init[950]: Cloud-init v. 18.4-0ubuntu1~16.04.2 running 'init' at Mon, 05 Nov 2018 22:27:24 +0000. Up 16.12 seconds.
[   17.403697] cloud-init[950]: ci-info: ++++++++++++++++++++++++++++++++++++++Net device info+++++++++++++++++++++++++++++++++++++++
[   17.420741] cloud-init[950]: ci-info: +--------+-------+----------------------------+---------------+--------+-------------------+
[   17.436418] cloud-init[950]: ci-info: | Device |   Up  |          Address           |      Mask     | Scope  |     Hw-Address    |
[   17.484160] cloud-init[950]: ci-info: +--------+-------+----------------------------+---------------+--------+-------------------+
[   17.506330] cloud-init[950]: ci-info: | enp0s3 |  True |         10.0.2.15          | 255.255.255.0 | global | 02:ac:2e:7f:59:cd |
[   17.521436] cloud-init[950]: ci-info: | enp0s3 |  True | fe80::ac:2eff:fe7f:59cd/64 |       .       |  link  | 02:ac:2e:7f:59:cd |
[   17.525005] cloud-init[950]: ci-info: | enp0s8 | False |             .              |       .       |   .    | 08:00:27:bc:98:7d |
[   17.560741] cloud-init[950]: ci-info: |   lo   |  True |         127.0.0.1          |   255.0.0.0   |  host  |         .         |
[   17.561199] cloud-init[950]: ci-info: |   lo   |  True |          ::1/128           |       .       |  host  |         .         |
[   17.561626] cloud-init[950]: ci-info: +--------+-------+----------------------------+---------------+--------+-------------------+
[[0;32m  OK  [0m] Started Initial cloud-init job (metadata service crawler).
[   17.562240] cloud-init[950]: ci-info: +++++++++++++++++++++++++++Route IPv4 info++++++++++++++++++++++++++++
[   17.842391] cloud-init[950]: ci-info: +-------+-------------+----------+---------------+-----------+-------+
[   17.842779] cloud-init[950]: ci-info: | Route | Destination | Gateway  |    Genmask    | Interface | Flags |
[   17.843104] cloud-init[950]: ci-info: +-------+-------------+----------+---------------+-----------+-------+
[   17.843388] cloud-init[950]: ci-info: |   0   |   0.0.0.0   | 10.0.2.2 |    0.0.0.0    |   enp0s3  |   UG  |
[   17.843669] cloud-init[950]: ci-info: |   1   |   10.0.2.0  | 0.0.0.0  | 255.255.255.0 |   enp0s3  |   U   |
[   17.843960] cloud-init[950]: ci-info: +-------+-------------+----------+---------------+-----------+-------+
[   17.844300] cloud-init[950]: ci-info: +++++++++++++++++++Route IPv6 info+++++++++++++++++++
[[0;32m  OK  [0m] Reached target System Initialization.
[   17.844528] cloud-init[950]: ci-info: +-------+-------------+---------+-----------+-------+
[   18.345417] cloud-init[950]: ci-info: | Route | Destination | Gateway | Interface | Flags |
[   18.345812] cloud-init[950]: ci-info: +-------+-------------+---------+-----------+-------+
         Starting LXD - unix socket.
[   18.346113] cloud-init[950]: ci-info: |   0   |  fe80::/64  |    ::   |   enp0s3  |   U   |
[   18.573012] cloud-init[950]: ci-info: |   3   |   ff00::/8  |    ::   |   enp0s3  |   U   |
[[0;32m  OK  [0m] Started Daily Cleanup of Temporary Directories.
[   18.573128] cloud-init[950]: ci-info: +-------+-------------+---------+-----------+-------+
[   18.684482] cloud-init[950]: Generating public/private rsa key pair.
[[0;32m  OK  [0m] Started ACPI Events Check.
[   18.685143] cloud-init[950]: Your identification has been saved in /etc/ssh/ssh_host_rsa_key.
[   18.792948] cloud-init[950]: Your public key has been saved in /etc/ssh/ssh_host_rsa_key.pub.
[   18.793414] cloud-init[950]: The key fingerprint is:
[[0;32m  OK  [0m] Reached target Paths.
[   18.793574] cloud-init[950]: SHA256:U10Wfcu1xve3ZxYr9qUF20pcleMArxdseLJ8X/mJr/w root@ubuntu-xenial
[   19.174614] cloud-init[950]: The key's randomart image is:
[[0;32m  OK  [0m] Listening on ACPID Listen Socket.
[[   19.174848] cloud-init[950]: +---[RSA 2048]----+
[0;32m  OK  [0m] Listening on D-Bus System Message Bus Socket.
[[   19.353782] cloud-init[950]: |           .  +o |
[   19.472994] cloud-init[950]: |           .=o  =|
[0;32m  OK  [0m] Listening on UUID daemon activation socket.
[   19.473117] cloud-init[950]: |          .o.Boo*|
[   19.677060] cloud-init[950]: |         .. * +*=|
[   19.677380] cloud-init[950]: |        S  + ooo=|
[[0;32m  OK  [0m] Started Daily apt download activities.
[[0;32m  OK  [0m] [   19.677555] Started Daily apt upgrade and clean activities.cloud-init
[950]: |         .  o.o**|
[   19.995263] cloud-init[950]: |             .+oX|
[   19.995660] cloud-init[950]: |            .+.*=|
[[0;32m  OK  [0m] Reached target Timers.
[   19.995803] cloud-init[950]: |            .oBE.|
[   20.225081] cloud-init[950]: +----[SHA256]-----+
[   20.225549] cloud-init[950]: Generating public/private dsa key pair.
         Starting Socket activation for snappy daemon.
[[   20.225760] cloud-init[950]: Your identification has been saved in /etc/ssh/ssh_host_dsa_key.
[0;32m  OK  [0m] Reached target Cloud-config availability.
[[   20.380672] cloud-init[950]: Your public key has been saved in /etc/ssh/ssh_host_dsa_key.pub.
[   20.513272] cloud-init[950]: The key fingerprint is:
[   20.513558] [0;32m  OK  [0mcloud-init] [950]: Reached target Network is Online.SHA256:gBO0pi1uQfznrCcoLANkxIy+P58/WAuml+jyMEPCs3Y root@ubuntu-xenial

[   20.514630] cloud-init[950]: The key's randomart image is:
[   21.068716] cloud-init[950]: +---[DSA 1024]----+
[   21.069005] cloud-init[950]: |+  .o            |
         Starting iSCSI initiator daemon (iscsid)...
[   21.069286] cloud-init[950]: |.=   +           |
[   21.321839] cloud-init[950]: |o o = .          |
[   21.322251] cloud-init[950]: |.= = . .         |
[   21.322527] cloud-init[950]: |++= o . S        |
[   21.322730] cloud-init[950]: |+ooo * .         |
[[0;32m  OK  [0m] Listening on LXD - unix socket.
[[   21.322953] cloud-init[950]: |o*+E+ B .        |
[   21.343243] [0;32m  OK  [0mcloud-init] [950]: Listening on Socket activation for snappy daemon.|=+*=.=oo         |

[   21.343345] cloud-init[950]: |.o+o==...        |
[   21.526516] cloud-init[950]: +----[SHA256]-----+
[   21.531348] cloud-init[950]: Generating public/private ecdsa key pair.
[   21.552531] cloud-init[950]: Your identification has been saved in /etc/ssh/ssh_host_ecdsa_key.
[   21.553199] cloud-init[950]: Your public key has been saved in /etc/ssh/ssh_host_ecdsa_key.pub.
[[0;32m  OK  [0m] Started iSCSI initiator daemon (iscsid).
[   21.553438] cloud-init[950]: The key fingerprint is:
[   21.795360] cloud-init[950]: SHA256:GsAY+0JKRhXMlTAEVOlb3iFC74RlKpEQS+gq0PdH61o root@ubuntu-xenial
[   21.842145] cloud-init[950]:          The key's randomart image is:Starting Login to default iSCSI targets...

[[   21.843455] [0;32m  OK  [0mcloud-init] [950]: Reached target Sockets.+---[ECDSA 256]---+

[[   21.988052] cloud-init[950]: |**XB=..          |
[   21.988832] cloud-init[950]: |++ X.+           |[0;32m  OK  [0m
] Reached target Basic System.
[   21.988940] cloud-init[950]: |o+B O            |
[   22.233222] cloud-init[950]: |+=.*.* ..        |
[   22.233840] cloud-init[950]: |+ o.O.+.S.       |
[   22.234386] cloud-init[950]: |o  o o.+o        |
         Starting Pollinate to seed the pseudo random number generator...
[   22.234753] cloud-init[950]: |.     .oE        |
[   22.278423] cloud-init[950]: |       ..        |
[   22.278678] cloud-init[950]: |      ..         |
[[0;32m  OK  [0m] Started Unattended Upgrades Shutdown.
[   22.279141] cloud-init[950]: +----[SHA256]-----+
[   22.345425] cloud-init[950]: Generating public/private ed25519 key pair.
[   22.375992] [[0;32m  OK  [0m] Started Deferred execution scheduler.
cloud-init[950]: Your identification has been saved in /etc/ssh/ssh_host_ed25519_key.
[   22.385672] cloud-init[950]: Your public key has been saved in /etc/ssh/ssh_host_ed25519_key.pub.
         Starting Virtualbox guest utils...
[   22.440920] cloud-init[950]: The key fingerprint is:
[   22.453899]          Starting LSB: Record successful boot for GRUB...
         Starting /etc/rc.local Compatibility...
cloud-init[950]: SHA256:j1Zj2RwWyL8a/RJ8mVofQSGvTpRG0Wcn9UoMJKwrPtw root@ubuntu-xenial
[   22.516572] cloud-init[950]: The key's randomart image is:
[   22.517116] cloud-init[950]: +--[ED25519 256]--+
[   22.520267] cloud-init[950]: |         o.o++ooo|
         Starting Accounts Service...
[   22.521666] cloud-init[950]: |          +..+=o=|
         [   22.612787] Starting LSB: MD monitoring daemon...cloud-init
[950]: |         . .o++++|
[   22.612963] cloud-init[950]: |        .  =+o.o |
[   22.756461] cloud-init[950]: |        S.=oo+.o.|
[   22.757221] cloud-init[950]: |      . .=..B =. |
[   22.761873] cloud-init[950]: |     o oo .o B ..|
[   22.763808] cloud-init[950]: |      +.E . o . .|
[   22.767005] cloud-init[950]: |       .     .   |
[   22.770104] cloud-init[950]: +----[SHA256]-----+
         Starting Login Service...
         Starting Snappy daemon...
[[0;32m  OK  [0m] Started FUSE filesystem for LXC.
[[0;32m  OK  [0m] Started Regular background program processing daemon.
         Starting System Logging Service...
[[0;32m  OK  [0m] Started ACPI event daemon.
[[0;32m  OK  [0m] Started D-Bus System Message Bus.
         Starting LXD - container startup/shutdown...
[[0;32m  OK  [0m] Started System Logging Service.
[[0;32m  OK  [0m] Started /etc/rc.local Compatibility.
[[0;32m  OK  [0m] Started Login to default iSCSI targets.
[[0;32m  OK  [0m] Started LSB: MD monitoring daemon.
[[0;32m  OK  [0m] Started LSB: Record successful boot for GRUB.
[[0;32m  OK  [0m] Started Snappy daemon.
[[0;32m  OK  [0m] Started Login Service.
         Starting Authenticate and Authorize Users to Run Privileged Tasks...
         Starting Wait until snapd is fully seeded...
[[0;32m  OK  [0m] Reached target Remote File Systems (Pre).
[[0;32m  OK  [0m] Reached target Remote File Systems.
         Starting LSB: Set the CPU Frequency Scaling governor to "ondemand"...
         Starting LSB: automatic crash report generation...
         Starting Permit User Sessions...
         Starting LSB: daemon to balance interrupts for SMP systems...
[[0;32m  OK  [0m] Started Virtualbox guest utils.
[[0;32m  OK  [0m] Started LXD - container startup/shutdown.
[[0;32m  OK  [0m] Started Permit User Sessions.
[[0;32m  OK  [0m] Started Authenticate and Authorize Users to Run Privileged Tasks.
[[0;32m  OK  [0m] Started Accounts Service.
[[0;32m  OK  [0m] Started LSB: Set the CPU Frequency Scaling governor to "ondemand".
[[0;32m  OK  [0m] Started LSB: automatic crash report generation.
         Starting Hold until boot process finishes up...
         Starting Terminate Plymouth Boot Screen...
[[0;32m  OK  [0m] Started LSB: daemon to balance interrupts for SMP systems.
[[0;32m  OK  [0m] Started Hold until boot process finishes up.
[[0;32m  OK  [0m] Started Terminate Plymouth Boot Screen.
[[0;32m  OK  [0m] Started Getty on tty1.
         Starting Set console scheme...
[[0;32m  OK  [0m] Started Serial Getty on ttyS0.
[[0;32m  OK  [0m] Reached target Login Prompts.
[[0;32m  OK  [0m] Started Set console scheme.
[[0;32m  OK  [0m] Started Pollinate to seed the pseudo random number generator.
         Starting OpenBSD Secure Shell server...
[[0;32m  OK  [0m] Started OpenBSD Secure Shell server.
[[0;32m  OK  [0m] Created slice User Slice of vagrant.
         Starting User Manager for UID 1000...
[[0;32m  OK  [0m] Started Session 1 of user vagrant.
[[0;32m  OK  [0m] Started User Manager for UID 1000.

Ubuntu 16.04.5 LTS ubuntu-xenial ttyS0

ubuntu-xenial login: [   33.786229] cloud-init[1519]: Generating locales (this might take a while)...
[   35.018902] cloud-init[1519]:   en_US.UTF-8... done
[   35.020191] cloud-init[1519]: Generation complete.
[   35.769436] cloud-init[1519]: Cloud-init v. 18.4-0ubuntu1~16.04.2 running 'modules:config' at Mon, 05 Nov 2018 22:27:41 +0000. Up 33.61 seconds.
ci-info: no authorized ssh keys fingerprints found for user ubuntu.
<14>Nov  5 22:27:44 ec2: 
<14>Nov  5 22:27:44 ec2: #############################################################
<14>Nov  5 22:27:44 ec2: -----BEGIN SSH HOST KEY FINGERPRINTS-----
<14>Nov  5 22:27:44 ec2: 1024 SHA256:gBO0pi1uQfznrCcoLANkxIy+P58/WAuml+jyMEPCs3Y root@ubuntu-xenial (DSA)
<14>Nov  5 22:27:44 ec2: 256 SHA256:GsAY+0JKRhXMlTAEVOlb3iFC74RlKpEQS+gq0PdH61o root@ubuntu-xenial (ECDSA)
<14>Nov  5 22:27:44 ec2: 256 SHA256:j1Zj2RwWyL8a/RJ8mVofQSGvTpRG0Wcn9UoMJKwrPtw root@ubuntu-xenial (ED25519)
<14>Nov  5 22:27:44 ec2: 2048 SHA256:U10Wfcu1xve3ZxYr9qUF20pcleMArxdseLJ8X/mJr/w root@ubuntu-xenial (RSA)
<14>Nov  5 22:27:44 ec2: -----END SSH HOST KEY FINGERPRINTS-----
<14>Nov  5 22:27:44 ec2: #############################################################
-----BEGIN SSH HOST KEY KEYS-----
ecdsa-sha2-nistp256 AAAAE2VjZHNhLXNoYTItbmlzdHAyNTYAAAAIbmlzdHAyNTYAAABBBNAB+y1mVaxZ1f9dAaIbSWnrS3/E9dmjKWjmeKfMHMexkCb7rBych/z+tay73m+0Pu3oellt6Age0wU+3+pvocw= root@ubuntu-xenial
ssh-ed25519 AAAAC3NzaC1lZDI1NTE5AAAAIHqvBxbFW9zmh20qxuKDjywBqIZbdohsaJEFWJQdmQte root@ubuntu-xenial
ssh-rsa AAAAB3NzaC1yc2EAAAADAQABAAABAQCvDajV+aFBCpFw/BIEoHn+/odlWvsvTDspG6RnoU3eOVklDBoAjSbxofofr2fV1KoRwlxN11NDeI8QnYrtBdIQ/AN388WcM4P4UXPkOQ4YifvbzCN2YAPB3kxX5+w1Zxperw6QXLMsrGZNSNhKw4iM7nA7J56nGR2OyawCcgGnIG7+zmCTp6XMCyjdDJnrtjDYRLIkJWcN9r8FGZ0ns1dbRnV2kU/dye6gb4/IXteOE+1RME0JW5/BRF7NAWPVwNkHtwBD7p1lAT5WjuyxVOOt4kmyxM3iJjMbabN+KGgUn3/UesUtn9BsCsPuR6ZWQOtdjt3xfyDWtiCx0rBTUP+J root@ubuntu-xenial
-----END SSH HOST KEY KEYS-----
[   36.627113] cloud-init[1706]: Cloud-init v. 18.4-0ubuntu1~16.04.2 running 'modules:final' at Mon, 05 Nov 2018 22:27:44 +0000. Up 36.39 seconds.
[   36.627596] cloud-init[1706]: ci-info: no authorized ssh keys fingerprints found for user ubuntu.
[   36.627991] cloud-init[1706]: Cloud-init v. 18.4-0ubuntu1~16.04.2 finished at Mon, 05 Nov 2018 22:27:44 +0000. Datasource DataSourceNoCloud [seed=/dev/sdb][dsmode=net].  Up 36.61 seconds
