[    0.000000] Initializing cgroup subsys cpuset
[    0.000000] Initializing cgroup subsys cpu
[    0.000000] Initializing cgroup subsys cpuacct
[    0.000000] Linux version 4.4.0-138-generic (buildd@lcy01-amd64-006) (gcc version 5.4.0 20160609 (Ubuntu 5.4.0-6ubuntu1~16.04.10) ) #164-Ubuntu SMP Tue Oct 2 17:16:02 UTC 2018 (Ubuntu 4.4.0-138.164-generic 4.4.155)
[    0.000000] Command line: BOOT_IMAGE=/boot/vmlinuz-4.4.0-138-generic root=LABEL=cloudimg-rootfs ro console=tty1 console=ttyS0
[    0.000000] KERNEL supported cpus:
[    0.000000]   Intel GenuineIntel
[    0.000000]   AMD AuthenticAMD
[    0.000000]   Centaur CentaurHauls
[    0.000000] x86/fpu: Legacy x87 FPU detected.
[    0.000000] e820: BIOS-provided physical RAM map:
[    0.000000] BIOS-e820: [mem 0x0000000000000000-0x000000000009fbff] usable
[    0.000000] BIOS-e820: [mem 0x00000000009fc00-0x000000000009ffff] reserved
[    0.000000] BIOS-e820: [mem 0x00000000000f0000-0x00000000000fffff] reserved
[    0.000000] BIOS-e820: [mem 0x0000000000100000-0x000000002edeffff] usable
[    0.000000] BIOS-e820: [mem 0x000000002edf0000-0x000000002edfffff] ACPI data
[    0.000000] BIOS-e820: [mem 0x00000000fec00000-0x00000000fec00fff] reserved
[    0.000000] BIOS-e820: [mem 0x00000000fee00000-0x00000000fee00fff] reserved
[    0.000000] BIOS-e820: [mem 0x00000000fffc0000-0x00000000ffffffff] reserved
[    0.000000] NX (Execute Disable) protection: active
[    0.000000] SMBIOS 2.5 present.
[    0.000000] Hypervisor detected: KVM
[    0.000000] e820: last_pfn = 0x2edf0 max_arch_pfn = 0x400000000
[    0.000000] MTRR: Disabled
[    0.000000] x86/PAT: MTRRs disabled, skipping PAT initialization too.
[    0.000000] CPU MTRRs all blank - virtualized system.
[    0.000000] x86/PAT: Configuration [0-7]: WB  WT  UC- UC  WB  WT  UC- UC  
[    0.000000] found SMP MP-table at [mem 0x0009fff0-0x0009ffff] mapped at [ffff88000009fff0]
[    0.000000] Scanning 1 areas for low memory corruption
[    0.000000] RAMDISK: [mem 0x2d6dc000-0x2e54dfff]
[    0.000000] ACPI: Early table checksum verification disabled
[    0.000000] ACPI: RSDP 0x00000000000E0000 000024 (v02 VBOX  )
[    0.000000] ACPI: XSDT 0x000000002EDF0030 00003C (v01 VBOX   VBOXXSDT 00000001 ASL  00000061)
[    0.000000] ACPI: FACP 0x000000002EDF00F0 0000F4 (v04 VBOX   VBOXFACP 00000001 ASL  00000061)
[    0.000000] ACPI: DSDT 0x000000002EDF0470 0021FF (v02 VBOX   VBOXBIOS 00000002 INTL 20100528)
[    0.000000] ACPI: FACS 0x000000002EDF0200 000040
[    0.000000] ACPI: FACS 0x000000002EDF0200 000040
[    0.000000] ACPI: APIC 0x000000002EDF0240 00005C (v02 VBOX   VBOXAPIC 00000001 ASL  00000061)
[    0.000000] ACPI: SSDT 0x000000002EDF02A0 0001CC (v01 VBOX   VBOXCPUT 00000002 INTL 20100528)
[    0.000000] No NUMA configuration found
[    0.000000] Faking a node at [mem 0x0000000000000000-0x000000002edeffff]
[    0.000000] NODE_DATA(0) allocated [mem 0x2edeb000-0x2deffff]
[    0.000000] kvm-clock: Using msrs 4b564d01 and 4b564d00
[    0.000000] kvm-clock: cpu 0, msr 0:2ede3001, primary cpu clock
[    0.000000] kvm-clock: using sched offset of 66443237163 cycles
[    0.000000] clocksource: kvm-clock: mask: 0xfffffffffffffff max_cycles: 0x1cd42e4dffb, max_idle_ns: 881590591483 ns
[    0.000000] Zone ranges:
[    0.000000]   DMA      [mem 0x0000000000001000-0x0000000000ffffff]
[    0.000000]   DMA32    [mem 0x0000000001000000-0x000000002edeffff]
[    0.000000]   Normal   empty
[    0.000000]   Device   empty
[    0.000000] Movable zone start for each node
[    0.000000] Early memory node ranges
[    0.000000]   node   0: [mem 0x0000000000001000-0x000000000009efff]
[    0.000000]   node   0: [mem 0x0000000000100000-0x000000002edeffff]
[    0.000000] Initmem setup node 0 [mem 0x0000000000001000-0x000000002edeffff]
[    0.000000] ACPI: PM-Timer IO Port: 0x4008
[    0.000000] IOAPIC[0]: apic_id 2, version 32, address 0xfec00000, GSI 0-23
[    0.000000] ACPI: INT_SRC_OVR (bus 0 bus_irq 0 global_irq 2 dfl dfl)
[    0.000000] ACPI: INT_SRC_OVR (bus 0 bus_irq 9 global_irq 9 low level)
[    0.000000] Using ACPI (MADT) for SMP configuration information
[    0.000000] smpboot: Allowing 2 CPUs, 0 hotplug CPUs
[    0.000000] PM: Registered nosave memory: [mem 0x00000000-0x00000fff]
[    0.000000] PM: Registered nosave memory: [mem 0x0009f000-0x0009ffff]
[    0.000000] PM: Registered nosave memory: [mem 0x000a0000-0x000effff]
[    0.000000] PM: Registered nosave memory: [mem 0x000f0000-0x000fffff]
[    0.000000] e820: [mem 0x2ee00000-0xfebfffff] available for PCI devices
[    0.000000] Booting paravirtualized kernel on KVM
[    0.000000] clocksource: refined-jiffies: mask: 0xffffffff max_cycles: 0xffffffff, max_idle_ns: 7645519600211568 ns
[    0.000000] setup_percpu: NR_CPUS:512 nr_cpumask_bits:512 nr_cpu_ids:2 nr_node_ids:1
[    0.000000] PERCPU: Embedded 34 pages/cpu @ffff88002ea00000 s99608 r8192 d31464 u1048576
[    0.000000] PV qspinlock hash table entries: 256 (order: 0, 4096 bytes)
[    0.000000] Built 1 zonelists in Node order, mobility grouping on.  Total pages: 188864
[    0.000000] Policy zone: DMA32
[    0.000000] Kernel command line: BOOT_IMAGE=/boot/vmlinuz-4.4.0-138-generic root=LABEL=cloudimg-rootfs ro console=tty1 console=ttyS0
[    0.000000] PID hash table entries: 4096 (order: 3, 32768 bytes)
[    0.000000] Memory: 721232K/767544K available (8563K kernel code, 1314K rwdata, 4004K rodata, 1528K init, 1316K bss, 46312K reserved, 0K cma-reserved)
[    0.000000] SLUB: HWalign=64, Order=0-3, MinObjects=0, CPUs=2, Nodes=1
[    0.000000] Kernel/User page tables isolation: enabled
[    0.000000] Hierarchical RCU implementation.
[    0.000000] 	Build-time adjustment of leaf fanout to 64.
[    0.000000] 	RCU restricting CPUs from NR_CPUS=512 to nr_cpu_ids=2.
[    0.000000] RCU: Adjusting geometry for rcu_fanout_leaf=64, nr_cpu_ids=2
[    0.000000] NR_IRQS:33024 nr_irqs:440 16
[    0.000000] Console: colour VGA+ 80x25
[    0.000000] console [tty1] enabled
[    0.000000] console [ttyS0] enabled
[    0.000000] tsc: Detected 1599.950 MHz processor
[    0.622945] Calibrating delay loop (skipped) preset value.. 3199.90 BogoMIPS (lpj=6399800)
[    0.628112] pid_max: default: 32768 minimum: 301
[    0.630977] ACPI: Core revision 20150930
[    0.635947] ACPI: 2 ACPI AML tables successfully acquired and loaded
[    0.639874] Security Framework initialized
[    0.642482] Yama: becoming mindful.
[    0.644882] AppArmor: AppArmor initialized
[    0.647759] Dentry cache hash table entries: 131072 (order: 8, 1048576 bytes)
[    0.654280] Inode-cache hash table entries: 65536 (order: 7, 524288 bytes)
[    0.658616] Mount-cache hash table entries: 2048 (order: 2, 16384 bytes)
[    0.662904] Mountpoint-cache hash table entries: 2048 (order: 2, 16384 bytes)
[    0.667399] Initializing cgroup subsys io
[    0.670162] Initializing cgroup subsys memory
[    0.673119] Initializing cgroup subsys devices
[    0.675875] Initializing cgroup subsys freezer
[    0.678566] Initializing cgroup subsys net_cls
[    0.681682] Initializing cgroup subsys perf_event
[    0.684456] Initializing cgroup subsys net_prio
[    0.687263] Initializing cgroup subsys hugetlb
[    0.690294] Initializing cgroup subsys pids
[    0.699076] mce: CPU supports 0 MCE banks
[    0.701963] Last level iTLB entries: 4KB 48, 2MB 0, 4MB 0
[    0.705342] Last level dTLB entries: 4KB 256, 2MB 16, 4MB 16, 1GB 0
[    0.709112] Spectre V2 : Mitigation: Full generic retpoline
[    0.712464] Spectre V2 : Spectre v2 mitigation: Speculation control IBPB not-supported IBRS not-supported
[    0.717599] Spectre V2 : Spectre v2 / SpectreRSB mitigation: Filling RSB on context switch
[    0.734162] Freeing SMP alternatives memory: 32K
[    0.765841] ftrace: allocating 32278 entries in 127 pages
[    0.907190] smpboot: APIC(0) Converting physical 0 to logical package 0
[    0.911186] smpboot: Max logical packages: 1
[    0.914860] x2apic enabled
[    0.917625] Switched APIC routing to physical x2apic.
[    0.924144] ..TIMER: vector=0x30 apic1=0 pin1=2 apic2=-1 pin2=-1
[    1.032421] APIC calibration not consistent with PM-Timer: 98ms instead of 100ms
[    1.037046] APIC delta adjusted to PM-Timer: 6245941 (6153183)
[    1.040557] smpboot: CPU0: Intel(R) Celeron(R) CPU  N3160  @ 1.60GHz (family: 0x6, model: 0x4c, stepping: 0x4)
[    1.054520] Performance Events: unsupported p6 CPU model 76 no PMU driver, software events only.
[    1.060413] KVM setup paravirtual spinlock
[    1.064998] x86: Booting SMP configuration:
[    1.067921] .... node  #0, CPUs:      #1
[    1.070870] kvm-clock: cpu 1, msr 0:2ede3041, secondary cpu clock
[    1.079056] mce: CPU supports 0 MCE banks
[    1.082789] x86: Booted up 1 node, 2 CPUs
[    1.086090] smpboot: Total of 2 processors activated (6399.80 BogoMIPS)
[    1.091131] devtmpfs: initialized
[    1.099683] evm: security.selinux
[    1.102140] evm: security.SMACK64
[    1.104536] evm: security.SMACK64EXEC
[    1.106994] evm: security.SMACK64TRANSMUTE
[    1.109856] evm: security.SMACK64MMAP
[    1.112348] evm: security.ima
[    1.114433] evm: security.capability
[    1.117306] clocksource: jiffies: mask: 0xffffffff max_cycles: 0xffffffff, max_idle_ns: 7645041785100000 ns
[    1.123012] futex hash table entries: 512 (order: 3, 32768 bytes)
[    1.126837] pinctrl core: initialized pinctrl subsystem
[    1.130434] RTC time: 19:26:08, date: 11/30/18
[    1.133692] NET: Registered protocol family 16
[    1.150671] cpuidle: using governor ladder
[    1.167349] cpuidle: using governor menu
[    1.170001] PCCT header not found.
[    1.172428] ACPI: bus type PCI registered
[    1.175272] acpiphp: ACPI Hot Plug PCI Controller Driver version: 0.5
[    1.179135] PCI: Using configuration type 1 for base access
[    1.200331] ACPI: Added _OSI(Module Device)
[    1.202994] ACPI: Added _OSI(Processor Device)
[    1.205914] ACPI: Added _OSI(3.0 _SCP Extensions)
[    1.208840] ACPI: Added _OSI(Processor Aggregator Device)
[    1.213880] ACPI: Executed 1 blocks of module-level executable AML code
[    1.223020] ACPI: Interpreter enabled
[    1.225570] ACPI: (supports S0 S5)
[    1.227863] ACPI: Using IOAPIC for interrupt routing
[    1.231275] PCI: Using host bridge windows from ACPI; if necessary, use "pci=nocrs" and report a bug
[    1.247068] ACPI: PCI Root Bridge [PCI0] (domain 0000 [bus 00-ff])
[    1.250646] acpi PNP0A03:00: _OSC: OS supports [ASPM ClockPM Segments MSI]
[    1.254466] acpi PNP0A03:00: _OSC: not requesting OS control; OS requires [ExtendedConfig ASPM ClockPM MSI]
[    1.260248] acpi PNP0A03:00: fail to add MMCONFIG information, can't access extended PCI configuration space under this bridge.
[    1.267955] PCI host bridge to bus 0000:00
[    1.270582] pci_bus 0000:00: root bus resource [io  0x0000-0x0cf7 window]
[    1.274292] pci_bus 0000:00: root bus resource [io  0x0d00-0xffff window]
[    1.278059] pci_bus 0000:00: root bus resource [mem 0x000a0000-0x000bffff window]
[    1.282678] pci_bus 0000:00: root bus resource [mem 0x2ee00000-0xfdffffff window]
[    1.287314] pci_bus 0000:00: root bus resource [bus 00-ff]
[    1.295699] pci 0000:00:01.1: legacy IDE quirk: reg 0x10: [io  0x01f0-0x01f7]
[    1.299842] pci 0000:00:01.1: legacy IDE quirk: reg 0x14: [io  0x03f6]
[    1.303457] pci 0000:00:01.1: legacy IDE quirk: reg 0x18: [io  0x0170-0x0177]
[    1.307380] pci 0000:00:01.1: legacy IDE quirk: reg 0x1c: [io  0x0376]
[    1.357693] pci 0000:00:07.0: quirk: [io  0x4000-0x403f] claimed by PIIX4 ACPI
[    1.362404] pci 0000:00:07.0: quirk: [io  0x4100-0x410f] claimed by PIIX4 SMB
[    1.395981] ACPI: PCI Interrupt Link [LNKA] (IRQs 5 9 10 *11)
[    1.434391] ACPI: PCI Interrupt Link [LNKB] (IRQs 5 9 *10 11)
[    1.439561] ACPI: PCI Interrupt Link [LNKC] (IRQs 5 *9 10 11)
[    1.444579] ACPI: PCI Interrupt Link [LNKD] (IRQs 5 9 10 *11)
[    1.452048] ACPI: Enabled 2 GPEs in block 00 to 07
[    1.456540] vgaarb: setting as boot device: PCI:0000:00:02.0
[    1.460143] vgaarb: device added: PCI:0000:00:02.0,decodes=io+mem,owns=io+mem,locks=none
[    1.470266] vgaarb: loaded
[    1.472905] vgaarb: bridge control possible 0000:00:02.0
[    1.477124] SCSI subsystem initialized
[    1.480508] ACPI: bus type USB registered
[    1.483391] usbcore: registered new interface driver usbfs
[    1.486986] usbcore: registered new interface driver hub
[    1.490446] usbcore: registered new device driver usb
[    1.494590] PCI: Using ACPI for IRQ routing
[    1.498710] NetLabel: Initializing
[    1.501362] NetLabel:  domain hash size = 128
[    1.504217] NetLabel:  protocols = UNLABELED CIPSOv4
[    1.509564] NetLabel:  unlabeled traffic allowed by default
[    1.513885] amd_nb: Cannot enumerate AMD northbridges
[    1.517415] clocksource: Switched to clocksource kvm-clock
[    1.539601] AppArmor: AppArmor Filesystem Enabled
[    1.542985] pnp: PnP ACPI init
[    1.547876] pnp: PnP ACPI: found 3 devices
[    1.570659] clocksource: acpi_pm: mask: 0xffffff max_cycles: 0xffffff, max_idle_ns: 2085701024 ns
[    1.576236] NET: Registered protocol family 2
[    1.579635] TCP established hash table entries: 8192 (order: 4, 65536 bytes)
[    1.584070] TCP bind hash table entries: 8192 (order: 5, 131072 bytes)
[    1.588096] TCP: Hash tables configured (established 8192 bind 8192)
[    1.591936] UDP hash table entries: 512 (order: 2, 16384 bytes)
[    1.595507] UDP-Lite hash table entries: 512 (order: 2, 16384 bytes)
[    1.599419] NET: Registered protocol family 1
[    1.602339] pci 0000:00:00.0: Limiting direct PCI/PCI transfers
[    1.606046] pci 0000:00:01.0: Activating ISA DMA hang workarounds
[    1.610043] Unpacking initramfs...
[    2.060028] Freeing initrd memory: 14792K
[    2.063400] platform rtc_cmos: registered platform RTC device (no PNP device found)
[    2.068607] Scanning for low memory corruption every 60 seconds
[    2.073581] audit: initializing netlink subsys (disabled)
[    2.077188] audit: type=2000 audit(1543605976.933:1): initialized
[    2.081787] Initialise system trusted keyring
[    2.085228] HugeTLB registered 2 MB page size, pre-allocated 0 pages
[    2.095755] zbud: loaded
[    2.098833] VFS: Disk quotas dquot_6.6.0
[    2.101799] VFS: Dquot-cache hash table entries: 512 (order 0, 4096 bytes)
[    2.106740] squashfs: version 4.0 (2009/01/31) Phillip Lougher
[    2.111030] fuse init (API version 7.23)
[    2.113976] Key type big_key registered
[    2.116540] Allocating IMA MOK and blacklist keyrings.
[    2.122637] Key type asymmetric registered
[    2.125348] Asymmetric key parser 'x509' registered
[    2.128792] Block layer SCSI generic (bsg) driver version 0.4 loaded (major 249)
[    2.133933] io scheduler noop registered
[    2.136418] io scheduler deadline registered (default)
[    2.139635] io scheduler cfq registered
[    2.142373] pci_hotplug: PCI Hot Plug PCI Core version: 0.5
[    2.145664] pciehp: PCI Express Hot Plug Controller Driver version: 0.4
[    2.150128] ACPI: AC Adapter [AC] (off-line)
[    2.153000] input: Power Button as /devices/LNXSYSTM:00/LNXPWRBN:00/input/input0
[    2.157770] ACPI: Power Button [PWRF]
[    2.160317] input: Sleep Button as /devices/LNXSYSTM:00/LNXSLPBN:00/input/input1
[    2.165622] ACPI: Sleep Button [SLPF]
[    2.169584] GHES: HEST is not enabled!
[    2.170707] ACPI: Battery Slot [BAT0] (battery present)
[    2.175844] Serial: 8250/16550 driver, 32 ports, IRQ sharing enabled
[    2.206709] 00:02: ttyS0 at I/O 0x3f8 (irq = 4, base_baud = 115200) is a 16550A
[    2.218980] Linux agpgart interface v0.103
[    2.227061] loop: module loaded
[    2.231004] scsi host0: ata_piix
[    2.233589] scsi host1: ata_piix
[    2.235847] ata1: PATA max UDMA/33 cmd 0x1f0 ctl 0x3f6 bmdma 0xd000 irq 14
[    2.240973] ata2: PATA max UDMA/33 cmd 0x170 ctl 0x376 bmdma 0xd008 irq 15
[    2.245106] libphy: Fixed MDIO Bus: probed
[    2.247839] tun: Universal TUN/TAP device driver, 1.6
[    2.250915] tun: (C) 1999-2004 Max Krasnyansky <maxk@qualcomm.com>
[    2.254696] PPP generic driver version 2.4.2
[    2.257568] ehci_hcd: USB 2.0 'Enhanced' Host Controller (EHCI) Driver
[    2.261365] ehci-pci: EHCI PCI platform driver
[    2.264218] ehci-platform: EHCI generic platform driver
[    2.267425] ohci_hcd: USB 1.1 'Open' Host Controller (OHCI) Driver
[    2.271045] ohci-pci: OHCI PCI platform driver
[    2.274067] ohci-platform: OHCI generic platform driver
[    2.277562] uhci_hcd: USB Universal Host Controller Interface driver
[    2.281403] i8042: PNP: PS/2 Controller [PNP0303:PS2K,PNP0f03:PS2M] at 0x60,0x64 irq 1,12
[    2.287603] serio: i8042 KBD port at 0x60,0x64 irq 1
[    2.290599] serio: i8042 AUX port at 0x60,0x64 irq 12
[    2.294163] mousedev: PS/2 mouse device common for all mice
[    2.323580] input: AT Translated Set 2 keyboard as /devices/platform/i8042/serio0/input/input2
[    2.324038] rtc_cmos rtc_cmos: rtc core: registered rtc_cmos as rtc0
[    2.324240] rtc_cmos rtc_cmos: alarms up to one day, 114 bytes nvram
[    2.324267] i2c /dev entries driver
[    2.324384] device-mapper: uevent: version 1.0.3
[    2.324519] device-mapper: ioctl: 4.34.0-ioctl (2015-10-28) initialised: dm-devel@redhat.com
[    2.324555] ledtrig-cpu: registered to indicate activity on CPUs
[    2.329682] NET: Registered protocol family 10
[    2.330137] NET: Registered protocol family 17
[    2.330163] Key type dns_resolver registered
[    2.330792] registered taskstats version 1
[    2.330814] Loading compiled-in X.509 certificates
[    2.332561] Loaded X.509 cert 'Build time autogenerated kernel key: 9a104bc44b81e9426fe5c715e47d021d02d69eba'
[    2.332616] zswap: loaded using pool lzo/zbud
[    2.337931] Key type trusted registered
[    2.347965] Key type encrypted registered
[    2.347979] AppArmor: AppArmor sha1 policy hashing enabled
[    2.347986] ima: No TPM chip found, activating TPM-bypass!
[    2.348009] ima: Allocated hash algorithm: sha1
[    2.348040] evm: HMAC attrs: 0x1
[    2.349151]   Magic number: 10:676:446
[    2.356552] rtc_cmos rtc_cmos: setting system clock to 2018-11-30 19:26:10 UTC (1543605970)
[    2.356792] BIOS EDD facility v0.16 2004-Jun-25, 0 devices found
[    2.356793] EDD information not available.
[    2.412475] Freeing unused kernel memory: 1528K
[    2.426324] Write protecting the kernel read-only data: 14336k
[    2.431370] Freeing unused kernel memory: 1664K
[    2.434877] Freeing unused kernel memory: 92K
Loading, please wait...
starting version 229
[    2.483293] random: systemd-udevd: uninitialized urandom read (16 bytes read, 3 bits of entropy available)
[    2.485592] random: udevadm: uninitialized urandom read (16 bytes read, 3 bits of entropy available)
[    2.485681] random: udevadm: uninitialized urandom read (16 bytes read, 3 bits of entropy available)
[    2.534738] random: udevadm: uninitialized urandom read (16 bytes read, 3 bits of entropy available)
[    2.534894] random: udevadm: uninitialized urandom read (16 bytes read, 3 bits of entropy available)
[    2.535522] random: udevadm: uninitialized urandom read (16 bytes read, 3 bits of entropy available)
[    2.535747] random: udevadm: uninitialized urandom read (16 bytes read, 3 bits of entropy available)
[    2.535969] random: udevadm: uninitialized urandom read (16 bytes read, 3 bits of entropy available)
[    2.536239] random: udevadm: uninitialized urandom read (16 bytes read, 3 bits of entropy available)
[    2.536465] random: udevadm: uninitialized urandom read (16 bytes read, 3 bits of entropy available)
[    2.760443] e1000: Intel(R) PRO/1000 Network Driver - version 7.3.21-k8-NAPI
[    2.764792] e1000: Copyright (c) 1999-2006 Intel Corporation.
[    2.770967] Fusion MPT base driver 3.04.20
[    2.774038] Copyright (c) 1999-2008 LSI Corporation
[    2.794598] Fusion MPT SPI Host driver 3.04.20
[    2.888483] SSE version of gcm_enc/dec engaged.
[    3.034813] input: ImExPS/2 Generic Explorer Mouse as /devices/platform/i8042/serio1/input/input4
[    3.061518] tsc: Refined TSC clocksource calibration: 1599.873 MHz
[    3.084415] clocksource: tsc: mask: 0xffffffffffffffff max_cycles: 0x170facff816, max_idle_ns: 440795212337 ns
[    3.367893] e1000 0000:00:03.0 eth0: (PCI:33MHz:32-bit) 02:f1:4a:ea:cb:db
[    3.371821] e1000 0000:00:03.0 eth0: Intel(R) PRO/1000 Network Connection
[    3.981374] e1000 0000:00:08.0 eth1: (PCI:33MHz:32-bit) 08:00:27:18:43:68
[    3.985364] e1000 0000:00:08.0 eth1: Intel(R) PRO/1000 Network Connection
[    3.992870] e1000 0000:00:03.0 enp0s3: renamed from eth0
[    3.996523] mptbase: ioc0: Initiating bringup
[    4.006482] e1000 0000:00:08.0 enp0s8: renamed from eth1
[    4.066678] ioc0: LSI53C1030 A0: Capabilities={Initiator}
[    4.233783] scsi host2: ioc0: LSI53C1030 A0, FwRev=00000000h, Ports=1, MaxQ=256, IRQ=20
[    4.351579] scsi 2:0:0:0: Direct-Access     VBOX     HARDDISK         1.0  PQ: 0 ANSI: 5
[    4.356879] scsi target2:0:0: Beginning Domain Validation
[    4.363357] scsi target2:0:0: Domain Validation skipping write tests
[    4.366952] scsi target2:0:0: Ending Domain Validation
[    4.370170] scsi target2:0:0: asynchronous
[    4.374140] scsi 2:0:1:0: Direct-Access     VBOX     HARDDISK         1.0  PQ: 0 ANSI: 5
[    4.379069] scsi target2:0:1: Beginning Domain Validation
[    4.386062] scsi target2:0:1: Domain Validation skipping write tests
[    4.389618] scsi target2:0:1: Ending Domain Validation
[    4.392956] scsi target2:0:1: asynchronous
[    4.411868] sd 2:0:0:0: Attached scsi generic sg0 type 0
[    4.447960] sd 2:0:0:0: [sda] 20971520 512-byte logical blocks: (10.7 GB/10.0 GiB)
[    4.455073] sd 2:0:0:0: [sda] Write Protect is off
[    4.458647] sd 2:0:1:0: [sdb] 20480 512-byte logical blocks: (10.5 MB/10.0 MiB)
[    4.458827] sd 2:0:1:0: Attached scsi generic sg1 type 0
[    4.464416] sd 2:0:0:0: [sda] Incomplete mode parameter data
[    4.464420] sd 2:0:0:0: [sda] Assuming drive cache: write through
[    4.474846] sd 2:0:1:0: [sdb] Write Protect is off
[    4.478389] sd 2:0:1:0: [sdb] Incomplete mode parameter data
[    4.481677] sd 2:0:1:0: [sdb] Assuming drive cache: write through
[    4.497157]  sda: sda1
[    4.501132] sd 2:0:0:0: [sda] Attached SCSI disk
[    4.552953] sd 2:0:1:0: [sdb] Attached SCSI disk
Begin: Loading essential drivers ... [    6.864164] md: linear personality registered for level -1
[    6.876197] md: multipath personality registered for level -4
[    6.888149] md: raid0 personality registered for level 0
[    6.906892] md: raid1 personality registered for level 1
[    6.990498] raid6: sse2x1   gen()   913 MB/s
[    7.058381] raid6: sse2x1   xor()  2271 MB/s
[    7.125529] raid6: sse2x2   gen()   552 MB/s
[    7.194609] raid6: sse2x2   xor()  2555 MB/s
[    7.261506] raid6: sse2x4   gen()   843 MB/s
[    7.329905] raid6: sse2x4   xor()  1043 MB/s
[    7.332774] raid6: using algorithm sse2x1 gen() 913 MB/s
[    7.337154] raid6: .... xor() 2271 MB/s, rmw enabled
[    7.340913] raid6: using ssse3x2 recovery algorithm
[    7.348543] xor: measuring software checksum speed
[    7.389534]    prefetch64-sse:  5851.000 MB/sec
[    7.429447]    generic_sse:  6171.000 MB/sec
[    7.432358] xor: using function: generic_sse (6171.000 MB/sec)
[    7.441138] async_tx: api initialized (async)
[    7.472040] md: raid6 personality registered for level 6
[    7.475394] md: raid5 personality registered for level 5
[    7.478855] md: raid4 personality registered for level 4
[    7.499629] md: raid10 personality registered for level 10
done.
Begin: Running /scripts/init-premount ... done.
Begin: Mounting root file system ... Begin: Running /scripts/local-top ... done.
Begin: Running /scripts/local-premount ... [    7.595628] Btrfs loaded
Scanning for Btrfs filesystems
done.
Warning: fsck not present, so skipping root file system
[    7.800402] EXT4-fs (sda1): mounted filesystem with ordered data mode. Opts: (null)
done.
Begin: Running /scripts/local-bottom ... done.
Begin: Running /scripts/init-bottom ... done.
[    8.627229] random: nonblocking pool is initialized
[    9.127329] systemd[1]: systemd 229 running in system mode. (+PAM +AUDIT +SELINUX +IMA +APPARMOR +SMACK +SYSVINIT +UTMP +LIBCRYPTSETUP +GCRYPT +GNUTLS +ACL +XZ -LZ4 +SECCOMP +BLKID +ELFUTILS +KMOD -IDN)
[    9.137746] systemd[1]: Detected virtualization oracle.
[    9.140990] systemd[1]: Detected architecture x86-64.

Welcome to [1mUbuntu 16.04.5 LTS[0m!

[    9.218991] systemd[1]: Set hostname to <ubuntu>.
[    9.270971] systemd[1]: Initializing machine ID from random generator.
[    9.274870] systemd[1]: Installed transient /etc/machine-id file.
[   11.189177] systemd[1]: Created slice User and Session Slice.
[[0;32m  OK  [0m] Created slice User and Session Slice.
[   11.204131] systemd[1]: Reached target Encrypted Volumes.
[[0;32m  OK  [0m] Reached target Encrypted Volumes.
[   11.211854] systemd[1]: Listening on Device-mapper event daemon FIFOs.
[[0;32m  OK  [0m] Listening on Device-mapper event daemon FIFOs.
[   11.220506] systemd[1]: Started Forward Password Requests to Wall Directory Watch.
[[0;32m  OK  [0m] Started Forward Password Requests to Wall Directory Watch.
[   11.230352] systemd[1]: Listening on Journal Audit Socket.
[[0;32m  OK  [0m] Listening on Journal Audit Socket.
[   11.238272] systemd[1]: Listening on Journal Socket (/dev/log).
[[0;32m  OK  [0m] Listening on Journal Socket (/dev/log).
[   11.246164] systemd[1]: Reached target Swap.
[[0;32m  OK  [0m] Reached target Swap.
[   11.252510] systemd[1]: Reached target User and Group Name Lookups.
[[0;32m  OK  [0m] Reached target User and Group Name Lookups.
[   11.260623] systemd[1]: Started Trigger resolvconf update for networkd DNS.
[[0;32m  OK  [0m] Started Trigger resolvconf update for networkd DNS.
[   11.269269] systemd[1]: Reached target System Time Synchronized.
[[0;32m  OK  [0m] Reached target System Time Synchronized.
[   11.277220] systemd[1]: Listening on LVM2 metadata daemon socket.
[[0;32m  OK  [0m] Listening on LVM2 metadata daemon socket.
[   11.285108] systemd[1]: Listening on LVM2 poll daemon socket.
[[0;32m  OK  [0m] Listening on LVM2 poll daemon socket.
[   11.293046] systemd[1]: Listening on /dev/initctl Compatibility Named Pipe.
[[0;32m  OK  [0m] Listening on /dev/initctl Compatibility Named Pipe.
[   11.302885] systemd[1]: Created slice System Slice.
[[0;32m  OK  [0m] Created slice System Slice.
[   11.310724] systemd[1]: Created slice system-serial\x2dgetty.slice.
[[0;32m  OK  [0m] Created slice system-serial\x2dgetty.slice.
[   11.318625] systemd[1]: Listening on udev Control Socket.
[[0;32m  OK  [0m] Listening on udev Control Socket.
[   11.326047] systemd[1]: Listening on udev Kernel Socket.
[[0;32m  OK  [0m] Listening on udev Kernel Socket.
[   11.333463] systemd[1]: Listening on Journal Socket.
[[0;32m  OK  [0m] Listening on Journal Socket.
[   11.357889] systemd[1]: Starting Monitoring of LVM2 mirrors, snapshots etc. using dmeventd or progress polling...
         Starting Monitoring of LVM2 mirrors... dmeventd or progress polling...
[   11.371306] systemd[1]: Starting Nameserver information manager...
         Starting Nameserver information manager...
[   11.382972] systemd[1]: Mounting Debug File System...
         Mounting Debug File System...
[   11.392298] systemd[1]: Starting Uncomplicated firewall...
         Starting Uncomplicated firewall...
[   11.402203] systemd[1]: Starting Set console keymap...
         Starting Set console keymap...
[   11.412511] systemd[1]: Starting Remount Root and Kernel File Systems...
         Starting Remount Root and Kernel File Systems...
[   11.423953] systemd[1]: Mounting Huge Pages File System...
         Mounting Huge Pages File System...
[   11.474149] EXT4-fs (sda1): re-mounted. Opts: (null)
[   11.633935] systemd[1]: Starting Load Kernel Modules...
         Starting Load Kernel Modules...
[   11.644299] systemd[1]: Starting Create list of required static device nodes for the current kernel...
         Starting Create list of required st... nodes for the current kernel...
[   11.658375] systemd[1]: Mounting POSIX Message Queue File System...
         Mounting POSIX Message Queue File System...
[   11.674106] systemd[1]: Reached target Slices.
[[0;32m  OK  [0m] Reached target Slices.
[   11.681628] systemd[1]: Listening on Syslog Socket.
[[0;32m  OK  [0m] Listening on Syslog Socket.
[   11.747804] systemd[1]: Starting Journal Service...
         Starting Journal Service...
[   11.755154] systemd[1]: Set up automount Arbitrary Executable File Formats File System Automount Point.
[[0;32m  OK  [0m] Set up automount Arbitrary Executab...ats File System Automount Point.
[   11.853903] Loading iSCSI transport class v2.0-870.
[   12.014307] iscsi: registered transport (tcp)
[   12.038446] systemd[1]: Mounted Huge Pages File System.
[[0;32m  OK  [0m] Mounted Huge Pages File System.
[   12.048000] systemd[1]: Mounted Debug File System.
[[0;32m  OK  [0m] Mounted Debug File System.
[   12.059304] systemd[1]: Mounted POSIX Message Queue File System.
[[0;32m  OK  [0m] Mounted POSIX Message Queue File System.
[   12.075580] systemd[1]: Started Uncomplicated firewall.
[[0;32m  OK  [0m] Started Uncomplicated firewall.
[   12.093427] systemd[1]: Started Set console keymap.
[[0;32m  OK  [0m] Started Set console keymap.
[   12.103589] systemd[1]: Started Remount Root and Kernel File Systems.
[[0;32m  OK  [0m] Started Remount Root and Kernel File Systems.
[   12.116046] systemd[1]: Started Create list of required static device nodes for the current kernel.
[[0;32m  OK  [0m] Started Create list of required sta...ce nodes for the current kernel.
[   12.146608] systemd[1]: Started Nameserver information manager.
[[0;32m  OK  [0m] Started Nameserver information manager.
[   12.316837] systemd[1]: Started Journal Service.
[[0;32m  OK  [0m] Started Journal Service.
[   12.336193] iscsi: registered transport (iser)
[[0;32m  OK  [0m] Started Load Kernel Modules.
         Mounting FUSE Control File System...
         Starting Apply Kernel Variables...
[[0;32m  OK  [0m] Started LVM2 metadata daemon.
         Starting Create Static Device Nodes in /dev...
         Starting Load/Save Random Seed...
         Starting Flush Journal to Persistent Storage...
         Starting udev Coldplug all Devices...
[[0;32m  OK  [0m] Mounted FUSE Control File System.
[[0;32m  OK  [0m] Started Load/Save Random Seed.
[   12.665488] systemd-journald[409]: Received request to flush runtime journal from PID 1
[[0;32m  OK  [0m] Started Apply Kernel Variables.
[[0;32m  OK  [0m] Started Flush Journal to Persistent Storage.
[[0;32m  OK  [0m] Started udev Coldplug all Devices.
[[0;32m  OK  [0m] Started Create Static Device Nodes in /dev.
         Starting udev Kernel Device Manager...
[[0;32m  OK  [0m] Started Monitoring of LVM2 mirrors,...ng dmeventd or progress polling.
[[0;32m  OK  [0m] Reached target Local File Systems (Pre).
[[0;32m  OK  [0m] Reached target Local File Systems.
         Starting Set console font and keymap...
         Starting LSB: AppArmor initialization...
         Starting Commit a transient machine-id on disk...
         Starting Initial cloud-init job (pre-networking)...
         Starting Tell Plymouth To Write Out Runtime Data...
         Starting Create Volatile Files and Directories...
[[0;32m  OK  [0m] Started Commit a transient machine-id on disk.
[[0;32m  OK  [0m] Started Create Volatile Files and Directories.
         Starting Update UTMP about System Boot/Shutdown...
[[0;32m  OK  [0m] Started Tell Plymouth To Write Out Runtime Data.
[[0;32m  OK  [0m] Started Update UTMP about System Boot/Shutdown.
[[0;32m  OK  [0m] Started udev Kernel Device Manager.
[[0;32m  OK  [0m] Started Dispatch Password Requests to Console Directory Watch.
[[0;32m  OK  [0m] Found device /dev/ttyS0.
[[0;32m  OK  [0m] Started Set console font and keymap.
[[0;32m  OK  [0m] Created slice system-getty.slice.
[[0;32m  OK  [0m] Listening on Load/Save RF Kill Switch Status /dev/rfkill Watch.
[[0;32m  OK  [0m] Started LSB: AppArmor initialization.
[   23.681454] cloud-init[487]: Cloud-init v. 18.4-0ubuntu1~16.04.2 running 'init-local' at Fri, 30 Nov 2018 19:26:31 +0000. Up 22.06 seconds.
[[0;32m  OK  [0m] Started Initial cloud-init job (pre-networking).
[[0;32m  OK  [0m] Reached target Network (Pre).
         Starting Raise network interfaces...
[[0;32m  OK  [0m] Started Raise network interfaces.
[[0;32m  OK  [0m] Reached target Network.
         Starting Initial cloud-init job (metadata service crawler)...
[   31.391451] cloud-init[963]: Cloud-init v. 18.4-0ubuntu1~16.04.2 running 'init' at Fri, 30 Nov 2018 19:26:35 +0000. Up 26.06 seconds.
[   31.400235] cloud-init[963]: ci-info: ++++++++++++++++++++++++++++++++++++++Net device info+++++++++++++++++++++++++++++++++++++++
[   31.418236] cloud-init[963]: ci-info: +--------+-------+----------------------------+---------------+--------+-------------------+
[   31.445935] cloud-init[963]: ci-info: | Device |   Up  |          Address           |      Mask     | Scope  |     Hw-Address    |
[   31.454909] cloud-init[963]: ci-info: +--------+-------+----------------------------+---------------+--------+-------------------+
[   31.463583] cloud-init[963]: ci-info: | enp0s3 |  True |         10.0.2.15          | 255.255.255.0 | global | 02:f1:4a:ea:cb:db |
[   31.515761] cloud-init[963]: ci-info: | enp0s3 |  True | fe80::f1:4aff:feea:cbdb/64 |       .       |  link  | 02:f1:4a:ea:cb:db |
[   31.547182] cloud-init[963]: ci-info: | enp0s8 | False |             .              |       .       |   .    | 08:00:27:18:43:68 |
[   31.635683] [[0;32m  OK  [0m] Started Initial cloud-init job (metadata service crawler).
cloud-init[963]: ci-info: |   lo   |  True |         127.0.0.1          |   255.0.0.0   |  host  |         .         |[[0;32m  OK  [0m] Reached target Network is Online.

[   31.646601] cloud-init[963]: ci-info: |   lo   |  True |          ::1/128           |       .       |  host  |         .         |
[   31.662014] cloud-init[963]: ci-info: +--------+-------+----------------------------+---------------+--------+-------------------+
[   31.682715] cloud-init[963]: ci-info: +++++++++++++++++++++++++++Route IPv4 info++++++++++++++++++++++++++++
[   31.683561] cloud-init[963]: ci-info: +-------+-------------+----------+---------------+-----------+-------+
[   31.684174] cloud-init[963]: ci-info: | Route | Destination | Gateway  |    Genmask    | Interface | Flags |
[   31.684514] cloud-init[963]: ci-info: +-------+-------------+----------+---------------+-----------+-------+
[   31.684949] cloud-init[963]: ci-info: |   0   |   0.0.0.0   | 10.0.2.2 |    0.0.0.0    |   enp0s3  |   UG  |
[   31.685487] cloud-init[963]: ci-info: |   1   |   10.0.2.0  | 0.0.0.0  | 255.255.255.0 |   enp0s3  |   U   |
[   31.685859] cloud-init[963]: ci-info: +-------+-------------+----------+---------------+-----------+-------+
[   31.686267] cloud-init[963]: ci-info: +++++++++++++++++++Route IPv6 info+++++++++++++++++++
[   31.686731] cloud-init[963]: ci-info: +-------+-------------+---------+-----------+-------+
[   31.687187] cloud-init[963]: ci-info: | Route | Destination | Gateway | Interface | Flags |
[   31.688512] cloud-init[963]: ci-info: +-------+-------------+---------+-----------+-------+
[   31.689633] cloud-init[963]: ci-info: |   0   |  fe80::/64  |    ::   |   enp0s3  |   U   |
         Starting iSCSI initiator daemon (iscsid)...
[   31.691726] cloud-init[963]: ci-info: |   4   |   ff00::/8  |    ::   |   enp0s3  |   U   |
[   31.739230] cloud-init[963]: ci-info: +-------+-------------+---------+-----------+-------+
[   31.741094] cloud-init[963]: Generating public/private rsa key pair.
[   31.742300] cloud-init[963]: Your identification has been saved in /etc/ssh/ssh_host_rsa_key.
[[0;32m  OK  [0m] Reached target System Initialization.
[   31.743148] cloud-init[963]: Your public key has been saved in /etc/ssh/ssh_host_rsa_key.pub.
[   31.770312] cloud-init[963]: The key fingerprint is:
[   31.773865] cloud-init[963]: SHA256:m8bVCl547ApxWbn70IoYFQJHIOCxQbH5i0n88k6LF2Y root@ubuntu-xenial
[   31.794939] cloud-init[963]: The key's randomart image is:
[   31.795893] cloud-init[963]: +---[RSA 2048]----+
[   31.796850] cloud-init[963]: |o*o ooo          |
[   31.797716] cloud-init[963]: |. *. o     .     |
[   31.798185] cloud-init[963]: | =    . . o      |
[   31.798624] cloud-init[963]: |. .    . * o     |
[   31.799070] cloud-init[963]: | o .  . S * .    |
[   31.799483] cloud-init[963]: |. +E.  * O +     |
[   31.799942] cloud-init[963]: | +o+. o * = .    |
[   31.800843] cloud-init[963]: |  =..  = o +     |
[   31.801362] cloud-init[963]: | .o+  . o . .    |
[   31.807699] cloud-init[963]: +----[SHA256]-----+
[   31.808785] cloud-init[963]: Generating public/private dsa key pair.
[   31.809024] cloud-init[963]: Your identification has been saved in /etc/ssh/ssh_host_dsa_key.
[   31.809293] cloud-init[963]: Your public key has been saved in /etc/ssh/ssh_host_dsa_key.pub.
[   31.809498] cloud-init[963]: The key fingerprint is:
[   31.809954] cloud-init[963]: SHA256:GJISQOU0mcHxPQtpk8MR+oMyxgP6wfyRbE5f5PeUucw root@ubuntu-xenial
[   31.810497] cloud-init[963]: The key's randomart image is:
[   31.810760] cloud-init[963]: +---[DSA 1024]----+
         Starting LXD - unix socket.
[[0;32m  OK  [0m] Listening on ACPID Listen Socket.
[   31.810961] cloud-init[963]: |oo+*=o.          |
[   31.857456] cloud-init[963]: |  o==.=          |
[   31.884907] cloud-init[963]: |. .ooX.o.        |
[   31.888508] cloud-init[963]: |+o o+o+=o    o   |
[   31.892089] cloud-init[963]: |.*+.*o..S . +    |
[   31.895605] cloud-init[963]: |..+* o.. . = .   |
[   31.899514] cloud-init[963]: |  . o .     E    |
[[0;32m  OK  [0m] Started ACPI Events Check.
[   31.910400] cloud-init[963]: |                 |
[   31.916777] cloud-init[963]: |                 |
[   31.917784] cloud-init[963]: +----[SHA256]-----+
[   31.918705] cloud-init[963]: Generating public/private ecdsa key pair.
[   31.922450] cloud-init[963]: Your identification has been saved in /etc/ssh/ssh_host_ecdsa_key.
[   31.923260] cloud-init[963]: Your public key has been saved in /etc/ssh/ssh_host_ecdsa_key.pub.
[   31.924283] cloud-init[963]: The key fingerprint is:
[   31.925056] cloud-init[963]: SHA256:OD6ROMV31mpirBHxSiW9oNRDtENAESmhwaNoOa2+VFs root@ubuntu-xenial
[   31.926924] cloud-init[963]: The key's randomart image is:
[   31.927894] cloud-init[963]: +---[ECDSA 256]---+
[   31.928814] cloud-init[963]: |o .o=O*..        |
[   31.929209] cloud-init[963]: | =. oo+*.  .     |
[   31.930112] cloud-init[963]: |+ +o .Boo.o .    |
[   31.931106] cloud-init[963]: |o+ ..+ O.o .     |
[   31.932711] cloud-init[963]: |. o.oEB S o      |
[[0;32m  OK  [0m] Reached target Paths.
[   31.934557] cloud-init[963]: | .. oo * o       |
[   31.982787] cloud-init[963]: |.. .  +          |
[   31.983656] cloud-init[963]: |..     .         |
[   31.985796] cloud-init[963]: | ..              |
[   31.987175] cloud-init[963]: +----[SHA256]-----+
[   31.988010] cloud-init[963]: Generating public/private ed25519 key pair.
[   31.988907] cloud-init[963]: Your identification has been saved in /etc/ssh/ssh_host_ed25519_key.
[   31.990192] cloud-init[963]: Your public key has been saved in /etc/ssh/ssh_host_ed25519_key.pub.
[   31.990999] cloud-init[963]: The key fingerprint is:
[   31.991456] cloud-init[963]: SHA256:vOzKCzyq/FEV199W7mzts/x5dwAezm+t4YOeKU5nKoM root@ubuntu-xenial
[   31.991930] cloud-init[963]: The key's randomart image is:
[[0;32m  OK  [0m] Listening on UUID daemon activation socket.
[[   31.992545] cloud-init[963]: +--[ED25519 256]--+
[   32.013534] cloud-init[963]: |       . ..      |
[   32.013911] cloud-init[963]: |        o  .    .|
[   32.015194] cloud-init[963]: |       .    . ...|
[   32.021505] cloud-init[963]: |      ..    o. o.|
[   32.022262] cloud-init[963]: |     .  S  + o.o.|
[   32.023188] cloud-init[963]: |   ..  . .  + . =|
[   32.024322] cloud-init[963]: |   .+  .o . oo.= |
[   32.025077] cloud-init[963]: |.  ..+E.o..+.+=oB|
[0;32m  OK  [0m] Started Daily apt download activities.
[[   32.025534] cloud-init[963]: |.oo.  +o.+oo+.o*O|
[   32.040338] cloud-init[963]: +----[SHA256]-----+
[0;32m  OK  [0m] Started Daily apt upgrade and clean activities.
[[0;32m  OK  [0m] Started Daily Cleanup of Temporary Directories.
[[0;32m  OK  [0m] Reached target Timers.
[[0;32m  OK  [0m] Listening on D-Bus System Message Bus Socket.
         Starting Socket activation for snappy daemon.
[[0;32m  OK  [0m] Reached target Cloud-config availability.
[[0;32m  OK  [0m] Listening on LXD - unix socket.
[[0;32m  OK  [0m] Listening on Socket activation for snappy daemon.
[[0;32m  OK  [0m] Reached target Sockets.
[[0;32m  OK  [0m] Reached target Basic System.
[[0;32m  OK  [0m] Started FUSE filesystem for LXC.
[[0;32m  OK  [0m] Started ACPI event daemon.
[[0;32m  OK  [0m] Started Deferred execution scheduler.
         Starting System Logging Service...
         Starting /etc/rc.local Compatibility...
         Starting Snappy daemon...
[[0;32m  OK  [0m] Started Regular background program processing daemon.
[[0;32m  OK  [0m] Started D-Bus System Message Bus.
[[0;32m  OK  [0m] Started Unattended Upgrades Shutdown.
         Starting Accounts Service...
         Starting LSB: Record successful boot for GRUB...
         Starting Login Service...
         Starting Pollinate to seed the pseudo random number generator...
         Starting LSB: MD monitoring daemon...
         Starting Virtualbox guest utils...
         Starting LXD - container startup/shutdown...
[[0;32m  OK  [0m] Started System Logging Service.
[[0;32m  OK  [0m] Started iSCSI initiator daemon (iscsid).
[[0;32m  OK  [0m] Started /etc/rc.local Compatibility.
         Starting Login to default iSCSI targets...
[[0;32m  OK  [0m] Started Login Service.
[[0;32m  OK  [0m] Started LSB: Record successful boot for GRUB.
[[0;32m  OK  [0m] Started LSB: MD monitoring daemon.
[[0;32m  OK  [0m] Started Login to default iSCSI targets.
[[0;32m  OK  [0m] Reached target Remote File Systems (Pre).
[[0;32m  OK  [0m] Reached target Remote File Systems.
         Starting LSB: Set the CPU Frequency Scaling governor to "ondemand"...
         Starting Permit User Sessions...
         Starting LSB: automatic crash report generation...
         Starting LSB: daemon to balance interrupts for SMP systems...
[[0;32m  OK  [0m] Started Permit User Sessions.
         Starting Terminate Plymouth Boot Screen...
         Starting Hold until boot process finishes up...
[[0;32m  OK  [0m] Started LSB: Set the CPU Frequency Scaling governor to "ondemand".
[[0;32m  OK  [0m] Started Terminate Plymouth Boot Screen.
[[0;32m  OK  [0m] Started Hold until boot process finishes up.
         Starting Set console scheme...
[[0;32m  OK  [0m] Started Getty on tty1.
[[0;32m  OK  [0m] Started Serial Getty on ttyS0.
[[0;32m  OK  [0m] Reached target Login Prompts.
[[0;32m  OK  [0m] Started LSB: daemon to balance interrupts for SMP systems.
[[0;32m  OK  [0m] Started LSB: automatic crash report generation.
[[0;32m  OK  [0m] Started Set console scheme.
[[0;32m  OK  [0m] Started Virtualbox guest utils.
         Starting Authenticate and Authorize Users to Run Privileged Tasks...
[[0;32m  OK  [0m] Started Authenticate and Authorize Users to Run Privileged Tasks.
[[0;32m  OK  [0m] Started Accounts Service.
[[0;32m  OK  [0m] Started Snappy daemon.
         Starting Wait until snapd is fully seeded...
[[0;32m  OK  [0m] Started LXD - container startup/shutdown.

Ubuntu 16.04.5 LTS ubuntu-xenial ttyS0

ubuntu-xenial login: [   56.083639] cloud-init[1487]: Generating locales (this might take a while)...
[   59.456486] cloud-init[1487]:   en_US.UTF-8... done
[   59.459841] cloud-init[1487]: Generation complete.
[   62.595581] cloud-init[1487]: Cloud-init v. 18.4-0ubuntu1~16.04.2 running 'modules:config' at Fri, 30 Nov 2018 19:27:04 +0000. Up 55.37 seconds.
ci-info: no authorized ssh keys fingerprints found for user ubuntu.
<14>Nov 30 19:27:13 ec2: 
<14>Nov 30 19:27:13 ec2: #############################################################
<14>Nov 30 19:27:13 ec2: -----BEGIN SSH HOST KEY FINGERPRINTS-----
<14>Nov 30 19:27:13 ec2: 1024 SHA256:GJISQOU0mcHxPQtpk8MR+oMyxgP6wfyRbE5f5PeUucw root@ubuntu-xenial (DSA)
<14>Nov 30 19:27:13 ec2: 256 SHA256:OD6ROMV31mpirBHxSiW9oNRDtENAESmhwaNoOa2+VFs root@ubuntu-xenial (ECDSA)
<14>Nov 30 19:27:13 ec2: 256 SHA256:vOzKCzyq/FEV199W7mzts/x5dwAezm+t4YOeKU5nKoM root@ubuntu-xenial (ED25519)
<14>Nov 30 19:27:13 ec2: 2048 SHA256:m8bVCl547ApxWbn70IoYFQJHIOCxQbH5i0n88k6LF2Y root@ubuntu-xenial (RSA)
<14>Nov 30 19:27:13 ec2: -----END SSH HOST KEY FINGERPRINTS-----
<14>Nov 30 19:27:13 ec2: #############################################################
-----BEGIN SSH HOST KEY KEYS-----
ecdsa-sha2-nistp256 AAAAE2VjZHNhLXNoYTItbmlzdHAyNTYAAAAIbmlzdHAyNTYAAABBBLscMRUsK3KnLfWG1NHkKJw9cZiGLdalxeEng+XAkazZXb7Sl960MLAJVLUvKsznwdjiaXaBV5keYOc7C9213eU= root@ubuntu-xenial
ssh-ed25519 AAAAC3NzaC1lZDI1NTE5AAAAIFrM+DvjXVQgygkQ86Kmk68fkOu8zdjsREnoDE7RUa4M root@ubuntu-xenial
ssh-rsa AAAAB3NzaC1yc2EAAAADAQABAAABAQDPmJm5I0K8eW0bbrZ4jCmS7qhMhKu9nVjeAPEL874L0JPd09yz/X2s1IF2C01PLoh1l1/Ji5h7UPGHLhBzfJ8/6npRyahzqsohPjyMV9y+9vwTsKZV+qp1qDOzhq07CjZAY7Agpj/4imTyOgcGbjkvgRjffMplToA3ikfR1vUeeHK8Zse/SBOzM4BkmpQ/JbT5lUIvO3M4JenbO7oZH4K9UDq0m1nCXb+C8ZDjXHlRGMk2W6Z8YoIQN9mg5KMHouSp2ti4Q/D1XzZkyg+juBq2GBBE3Y9AXDz3IYhwuwrxMfTfvvbVhjkviGmdzOYlcjpgLyB4GMvF45ruE5Mq6hcR root@ubuntu-xenial
-----END SSH HOST KEY KEYS-----
[   64.745004] cloud-init[1804]: Cloud-init v. 18.4-0ubuntu1~16.04.2 running 'modules:final' at Fri, 30 Nov 2018 19:27:13 +0000. Up 64.14 seconds.
[   64.745717] cloud-init[1804]: ci-info: no authorized ssh keys fingerprints found for user ubuntu.
[   64.746192] cloud-init[1804]: Cloud-init v. 18.4-0ubuntu1~16.04.2 finished at Fri, 30 Nov 2018 19:27:13 +0000. Datasource DataSourceNoCloud [seed=/dev/sdb][dsmode=net].  Up 64.70 seconds
